Archive member included because of file (symbol)

.\CortexM3\ARM_GCC_484\Debug\Boxes5.a(cyfitter_cfg.o)
                              .\CortexM3\ARM_GCC_484\Debug\Cm3Start.o (cyfitter_cfg)
.\CortexM3\ARM_GCC_484\Debug\Boxes5.a(CyBootAsmGnu.o)
                              .\CortexM3\ARM_GCC_484\Debug\Boxes5.a(cyfitter_cfg.o) (CyDelayCycles)
.\CortexM3\ARM_GCC_484\Debug\Boxes5.a(CyLib.o)
                              .\CortexM3\ARM_GCC_484\Debug\Cm3Start.o (CyResetStatus)
.\CortexM3\ARM_GCC_484\Debug\Boxes5.a(cyPm.o)
                              .\CortexM3\ARM_GCC_484\Debug\Boxes5.a(CyLib.o) (CyPmReadStatus)
.\CortexM3\ARM_GCC_484\Debug\Boxes5.a(Tx.o)
                              .\CortexM3\ARM_GCC_484\Debug\main.o (Tx_PutChar)
.\CortexM3\ARM_GCC_484\Debug\Boxes5.a(Rx_Right.o)
                              .\CortexM3\ARM_GCC_484\Debug\main.o (Rx_Right_Start)
.\CortexM3\ARM_GCC_484\Debug\Boxes5.a(isr_Rx_Left.o)
                              .\CortexM3\ARM_GCC_484\Debug\main.o (isr_Rx_Left_StartEx)
.\CortexM3\ARM_GCC_484\Debug\Boxes5.a(Rx_Front.o)
                              .\CortexM3\ARM_GCC_484\Debug\main.o (Rx_Front_Start)
.\CortexM3\ARM_GCC_484\Debug\Boxes5.a(Rx_Left.o)
                              .\CortexM3\ARM_GCC_484\Debug\main.o (Rx_Left_Start)
.\CortexM3\ARM_GCC_484\Debug\Boxes5.a(isr_Rx_Back.o)
                              .\CortexM3\ARM_GCC_484\Debug\main.o (isr_Rx_Back_StartEx)
.\CortexM3\ARM_GCC_484\Debug\Boxes5.a(Rx_Back.o)
                              .\CortexM3\ARM_GCC_484\Debug\main.o (Rx_Back_Start)
.\CortexM3\ARM_GCC_484\Debug\Boxes5.a(isr_Rx_Front.o)
                              .\CortexM3\ARM_GCC_484\Debug\main.o (isr_Rx_Front_StartEx)
.\CortexM3\ARM_GCC_484\Debug\Boxes5.a(LCD.o)
                              .\CortexM3\ARM_GCC_484\Debug\main.o (LCD_WriteControl)
.\CortexM3\ARM_GCC_484\Debug\Boxes5.a(isr_Rx_Right.o)
                              .\CortexM3\ARM_GCC_484\Debug\main.o (isr_Rx_Right_StartEx)
.\CortexM3\ARM_GCC_484\Debug\Boxes5.a(LED.o)
                              .\CortexM3\ARM_GCC_484\Debug\main.o (LED_Write)
.\CortexM3\ARM_GCC_484\Debug\Boxes5.a(Button.o)
                              .\CortexM3\ARM_GCC_484\Debug\main.o (Button_Read)
.\CortexM3\ARM_GCC_484\Debug\Boxes5.a(StartupLED.o)
                              .\CortexM3\ARM_GCC_484\Debug\main.o (StartupLED_Write)
.\CortexM3\ARM_GCC_484\Debug\Boxes5.a(Tx_IntClock.o)
                              .\CortexM3\ARM_GCC_484\Debug\Boxes5.a(Tx.o) (Tx_IntClock_Start)
.\CortexM3\ARM_GCC_484\Debug\Boxes5.a(Rx_Right_IntClock.o)
                              .\CortexM3\ARM_GCC_484\Debug\Boxes5.a(Rx_Right.o) (Rx_Right_IntClock_Start)
.\CortexM3\ARM_GCC_484\Debug\Boxes5.a(Rx_Front_IntClock.o)
                              .\CortexM3\ARM_GCC_484\Debug\Boxes5.a(Rx_Front.o) (Rx_Front_IntClock_Start)
.\CortexM3\ARM_GCC_484\Debug\Boxes5.a(Rx_Left_IntClock.o)
                              .\CortexM3\ARM_GCC_484\Debug\Boxes5.a(Rx_Left.o) (Rx_Left_IntClock_Start)
.\CortexM3\ARM_GCC_484\Debug\Boxes5.a(Rx_Back_IntClock.o)
                              .\CortexM3\ARM_GCC_484\Debug\Boxes5.a(Rx_Back.o) (Rx_Back_IntClock_Start)
.\CortexM3\ARM_GCC_484\Debug\Boxes5.a(Rx_Front_Register.o)
                              .\CortexM3\ARM_GCC_484\Debug\main.o (Rx_Front_Register_Read)
.\CortexM3\ARM_GCC_484\Debug\Boxes5.a(Rx_Back_Register.o)
                              .\CortexM3\ARM_GCC_484\Debug\main.o (Rx_Back_Register_Read)
.\CortexM3\ARM_GCC_484\Debug\Boxes5.a(Rx_Left_Register.o)
                              .\CortexM3\ARM_GCC_484\Debug\main.o (Rx_Left_Register_Read)
.\CortexM3\ARM_GCC_484\Debug\Boxes5.a(Rx_Right_Register.o)
                              .\CortexM3\ARM_GCC_484\Debug\main.o (Rx_Right_Register_Read)
.\CortexM3\ARM_GCC_484\Debug\Boxes5.a(Rx_Top.o)
                              .\CortexM3\ARM_GCC_484\Debug\main.o (Rx_Top_Start)
.\CortexM3\ARM_GCC_484\Debug\Boxes5.a(isr_Rx_Top.o)
                              .\CortexM3\ARM_GCC_484\Debug\main.o (isr_Rx_Top_StartEx)
.\CortexM3\ARM_GCC_484\Debug\Boxes5.a(Rx_Top_Register.o)
                              .\CortexM3\ARM_GCC_484\Debug\main.o (Rx_Top_Register_Read)
.\CortexM3\ARM_GCC_484\Debug\Boxes5.a(Rx_Bottom.o)
                              .\CortexM3\ARM_GCC_484\Debug\main.o (Rx_Bottom_Start)
.\CortexM3\ARM_GCC_484\Debug\Boxes5.a(isr_Rx_Bottom.o)
                              .\CortexM3\ARM_GCC_484\Debug\main.o (isr_Rx_Bottom_StartEx)
.\CortexM3\ARM_GCC_484\Debug\Boxes5.a(Rx_Bottom_Register.o)
                              .\CortexM3\ARM_GCC_484\Debug\main.o (Rx_Bottom_Register_Read)
.\CortexM3\ARM_GCC_484\Debug\Boxes5.a(Rx_Top_IntClock.o)
                              .\CortexM3\ARM_GCC_484\Debug\Boxes5.a(Rx_Top.o) (Rx_Top_IntClock_Start)
.\CortexM3\ARM_GCC_484\Debug\Boxes5.a(Rx_Bottom_IntClock.o)
                              .\CortexM3\ARM_GCC_484\Debug\Boxes5.a(Rx_Bottom.o) (Rx_Bottom_IntClock_Start)
.\CortexM3\ARM_GCC_484\Debug\Boxes5.a(CyFlash.o)
[...]
Memory Configuration

Name             Origin             Length             Attributes
rom              0x00000000         0x00040000         xr
ram              0x1fff8000         0x00010000         xrw
*default*        0x00000000         0xffffffff

Linker script and memory map

LOAD c:/program files (x86)/cypress/psoc creator/3.1/psoc creator/import/gnu_cs/arm/4.8.4/bin/../lib/gcc/arm-none-eabi/4.8.4/armv7-m/crti.o
LOAD c:/program files (x86)/cypress/psoc creator/3.1/psoc creator/import/gnu_cs/arm/4.8.4/bin/../lib/gcc/arm-none-eabi/4.8.4/armv7-m/crtbegin.o
LOAD c:/program files (x86)/cypress/psoc creator/3.1/psoc creator/import/gnu_cs/arm/4.8.4/bin/../lib/gcc/arm-none-eabi/4.8.4/../../../../arm-none-eabi/lib/armv7-m/crt0.o
START GROUP
LOAD .\CortexM3\ARM_GCC_484\Debug\main.o
LOAD .\CortexM3\ARM_GCC_484\Debug\cymetadata.o
LOAD .\CortexM3\ARM_GCC_484\Debug\Cm3Start.o
LOAD .\CortexM3\ARM_GCC_484\Debug\Boxes5.a
LOAD C:\Program Files (x86)\Cypress\PSoC Creator\3.1\PSoC Creator\psoc\content\cycomponentlibrary\CyComponentLibrary.cylib\CortexM3\ARM_GCC_484\Debug\CyComponentLibrary.a
END GROUP
START GROUP
LOAD c:/program files (x86)/cypress/psoc creator/3.1/psoc creator/import/gnu_cs/arm/4.8.4/bin/../lib/gcc/arm-none-eabi/4.8.4/armv7-m\libgcc.a
LOAD c:/program files (x86)/cypress/psoc creator/3.1/psoc creator/import/gnu_cs/arm/4.8.4/bin/../lib/gcc/arm-none-eabi/4.8.4/../../../../arm-none-eabi/lib/armv7-m\libg_s.a
LOAD c:/program files (x86)/cypress/psoc creator/3.1/psoc creator/import/gnu_cs/arm/4.8.4/bin/../lib/gcc/arm-none-eabi/4.8.4/../../../../arm-none-eabi/lib/armv7-m\libc_s.a
END GROUP
START GROUP
LOAD c:/program files (x86)/cypress/psoc creator/3.1/psoc creator/import/gnu_cs/arm/4.8.4/bin/../lib/gcc/arm-none-eabi/4.8.4/armv7-m\libgcc.a
LOAD c:/program files (x86)/cypress/psoc creator/3.1/psoc creator/import/gnu_cs/arm/4.8.4/bin/../lib/gcc/arm-none-eabi/4.8.4/../../../../arm-none-eabi/lib/armv7-m\libc_s.a
END GROUP
LOAD c:/program files (x86)/cypress/psoc creator/3.1/psoc creator/import/gnu_cs/arm/4.8.4/bin/../lib/gcc/arm-none-eabi/4.8.4/armv7-m/crtend.o
LOAD c:/program files (x86)/cypress/psoc creator/3.1/psoc creator/import/gnu_cs/arm/4.8.4/bin/../lib/gcc/arm-none-eabi/4.8.4/armv7-m/crtn.o
START GROUP
LOAD c:/program files (x86)/cypress/psoc creator/3.1/psoc creator/import/gnu_cs/arm/4.8.4/bin/../lib/gcc/arm-none-eabi/4.8.4/armv7-m\libgcc.a
LOAD c:/program files (x86)/cypress/psoc creator/3.1/psoc creator/import/gnu_cs/arm/4.8.4/bin/../lib/gcc/arm-none-eabi/4.8.4/../../../../arm-none-eabi/lib/armv7-m\libc.a
LOAD c:/program files (x86)/cypress/psoc creator/3.1/psoc creator/import/gnu_cs/arm/4.8.4/bin/../lib/gcc/arm-none-eabi/4.8.4/../../../../arm-none-eabi/lib/armv7-m\libnosys.a
END GROUP
                0x00000000                CY_APPL_ORIGIN = 0x0
                0x00000100                CY_FLASH_ROW_SIZE = 0x100
                0x00000020                CY_ECC_ROW_SIZE = 0x20
                0x00000000                CY_EE_IN_BTLDR = 0x0
                0x00000000                CY_APPL_LOADABLE = 0x0
                0x00000800                CY_EE_SIZE = 0x800
                0x00000001                CY_APPL_NUM = 0x1
                0x00000001                CY_APPL_MAX = 0x1
                0x00000040                CY_METADATA_SIZE = 0x40
                0x1fff8148                PROVIDE (__cy_heap_start, _end)
                0x00000001                PROVIDE (__cy_region_num, ((__cy_regions_end - __cy_regions) / 0x10))
                0x20008000                PROVIDE (__cy_stack, (ORIGIN (ram) + 0x10000))
                0x20007800                PROVIDE (__cy_heap_end, (__cy_stack - 0x800))

.cybootloader   0x00000000        0x0
 *(.cybootloader)
                0x00000000                appl1_start = CY_APPL_ORIGIN?CY_APPL_ORIGIN:ALIGN (CY_FLASH_ROW_SIZE)
                0x0001ff00                appl2_start = (appl1_start + ALIGN ((((0x40000 - appl1_start) - (0x2 * CY_FLASH_ROW_SIZE)) / 0x2), CY_FLASH_ROW_SIZE))
                0x00000000                appl_start = (CY_APPL_NUM == 0x1)?appl1_start:appl2_start
                0x00000000                ecc_offset = ((appl_start / CY_FLASH_ROW_SIZE) * CY_ECC_ROW_SIZE)
                0x00000000                ee_offset = (CY_APPL_LOADABLE && ! (CY_EE_IN_BTLDR))?((CY_EE_SIZE / CY_APPL_MAX) * (CY_APPL_NUM - 0x1)):0x0
                0x00000800                ee_size = (CY_APPL_LOADABLE && ! (CY_EE_IN_BTLDR))?(CY_EE_SIZE / CY_APPL_MAX):CY_EE_SIZE
                0x00000000                PROVIDE (CY_ECC_OFFSET, ecc_offset)

.text           0x00000000     0x1a0e
 CREATE_OBJECT_SYMBOLS
                0x00000000                PROVIDE (__cy_interrupt_vector, RomVectors)
 *(.romvectors)
 .romvectors    0x00000000       0x10 .\CortexM3\ARM_GCC_484\Debug\Cm3Start.o
                0x00000000                RomVectors
                0x00000001                ASSERT ((. != __cy_interrupt_vector), No interrupt vector)
                0x00000001                ASSERT (CY_APPL_ORIGIN?(SIZEOF (.cybootloader) <= CY_APPL_ORIGIN):0x1, Wrong image location)
                0x00000010                PROVIDE (__cy_reset, Reset)
 *(.text.Reset)
 .text.Reset    0x00000010       0x18 .\CortexM3\ARM_GCC_484\Debug\Cm3Start.o
                0x00000010                Reset
                0x00000001                ASSERT ((. != __cy_reset), No reset code)
 *(.dma_init)
                0x00000001                ASSERT ((((appl_start + .) <= 0x10000) || 0x1), DMA Init must be within the first 64k of flash)
 *(.text .text.* .gnu.linkonce.t.*)
 .text          0x00000028       0x54 c:/program files (x86)/cypress/psoc creator/3.1/psoc creator/import/gnu_cs/arm/4.8.4/bin/../lib/gcc/arm-none-eabi/4.8.4/armv7-m/crtbegin.o
 .text.DisplayChar
                0x0000007c       0x48 .\CortexM3\ARM_GCC_484\Debug\main.o
                0x0000007c                DisplayChar
 .text.OrientationFromReg
                0x000000c4       0x58 .\CortexM3\ARM_GCC_484\Debug\main.o
                0x000000c4                OrientationFromReg
 .text.ProcessChar
                0x0000011c       0x38 .\CortexM3\ARM_GCC_484\Debug\main.o
                0x0000011c                ProcessChar
 .text.isr_Rx_Left_Int
                0x00000154       0x34 .\CortexM3\ARM_GCC_484\Debug\main.o
                0x00000154                isr_Rx_Left_Int
 .text.isr_Rx_Right_Int
                0x00000188       0x34 .\CortexM3\ARM_GCC_484\Debug\main.o
                0x00000188                isr_Rx_Right_Int
 .text.isr_Rx_Front_Int
                0x000001bc       0x34 .\CortexM3\ARM_GCC_484\Debug\main.o
                0x000001bc                isr_Rx_Front_Int
 .text.isr_Rx_Back_Int
                0x000001f0       0x34 .\CortexM3\ARM_GCC_484\Debug\main.o
                0x000001f0                isr_Rx_Back_Int
 .text.isr_Rx_Top_Int
                0x00000224       0x34 .\CortexM3\ARM_GCC_484\Debug\main.o
                0x00000224                isr_Rx_Top_Int
 .text.isr_Rx_Bottom_Int
                0x00000258       0x34 .\CortexM3\ARM_GCC_484\Debug\main.o
                0x00000258                isr_Rx_Bottom_Int
 .text.main     0x0000028c       0xc4 .\CortexM3\ARM_GCC_484\Debug\main.o
                0x0000028c                main
 .text.IntDefaultHandler
                0x00000350        0x8 .\CortexM3\ARM_GCC_484\Debug\Cm3Start.o
                0x00000350                IntDefaultHandler
 .text.Start_c  0x00000358       0x98 .\CortexM3\ARM_GCC_484\Debug\Cm3Start.o
                0x00000358                Start_c
 .text.initialize_psoc
                0x000003f0       0x8c .\CortexM3\ARM_GCC_484\Debug\Cm3Start.o
                0x000003f0                initialize_psoc
 .text.CYMEMZERO
                0x0000047c       0x1c .\CortexM3\ARM_GCC_484\Debug\Boxes5.a(cyfitter_cfg.o)
 .text.CYCONFIGCPY
                0x00000498       0x1c .\CortexM3\ARM_GCC_484\Debug\Boxes5.a(cyfitter_cfg.o)
 .text.CyClockStartupError
                0x000004b4        0xc .\CortexM3\ARM_GCC_484\Debug\Boxes5.a(cyfitter_cfg.o)
 .text.cfg_write_bytes32
                0x000004c0       0x74 .\CortexM3\ARM_GCC_484\Debug\Boxes5.a(cyfitter_cfg.o)
 .text.ClockSetup
                0x00000534      0x184 .\CortexM3\ARM_GCC_484\Debug\Boxes5.a(cyfitter_cfg.o)
 .text.AnalogSetDefault
                0x000006b8       0x44 .\CortexM3\ARM_GCC_484\Debug\Boxes5.a(cyfitter_cfg.o)
 .text.cyfitter_cfg
                0x000006fc      0x1a0 .\CortexM3\ARM_GCC_484\Debug\Boxes5.a(cyfitter_cfg.o)
                0x000006fc                cyfitter_cfg
 *fill*         0x0000089c        0x4 
 .text          0x000008a0       0x28 .\CortexM3\ARM_GCC_484\Debug\Boxes5.a(CyBootAsmGnu.o)
                0x000008a0                CyDelayCycles
                0x000008b4                CyEnterCriticalSection
                0x000008bc                CyExitCriticalSection
 .text.CyDelay  0x000008c8       0x44 .\CortexM3\ARM_GCC_484\Debug\Boxes5.a(CyLib.o)
                0x000008c8                CyDelay
 .text.CyDelayUs
                0x0000090c       0x24 .\CortexM3\ARM_GCC_484\Debug\Boxes5.a(CyLib.o)
                0x0000090c                CyDelayUs
 .text.Tx_PutChar
                0x00000930       0x34 .\CortexM3\ARM_GCC_484\Debug\Boxes5.a(Tx.o)
                0x00000930                Tx_PutChar
 .text.Rx_Right_Start
                0x00000964       0x20 .\CortexM3\ARM_GCC_484\Debug\Boxes5.a(Rx_Right.o)
                0x00000964                Rx_Right_Start
 .text.Rx_Right_Init
                0x00000984       0x20 .\CortexM3\ARM_GCC_484\Debug\Boxes5.a(Rx_Right.o)
                0x00000984                Rx_Right_Init
 .text.Rx_Right_Enable
                0x000009a4       0x48 .\CortexM3\ARM_GCC_484\Debug\Boxes5.a(Rx_Right.o)
                0x000009a4                Rx_Right_Enable
 .text.Rx_Right_GetChar
                0x000009ec       0x44 .\CortexM3\ARM_GCC_484\Debug\Boxes5.a(Rx_Right.o)
                0x000009ec                Rx_Right_GetChar
 .text.Rx_Right_GetRxBufferSize
                0x00000a30       0x30 .\CortexM3\ARM_GCC_484\Debug\Boxes5.a(Rx_Right.o)
                0x00000a30                Rx_Right_GetRxBufferSize
 .text.isr_Rx_Left_StartEx
                0x00000a60       0x24 .\CortexM3\ARM_GCC_484\Debug\Boxes5.a(isr_Rx_Left.o)
                0x00000a60                isr_Rx_Left_StartEx
 .text.isr_Rx_Left_SetVector
                0x00000a84       0x24 .\CortexM3\ARM_GCC_484\Debug\Boxes5.a(isr_Rx_Left.o)
                0x00000a84                isr_Rx_Left_SetVector
 .text.isr_Rx_Left_SetPriority
                0x00000aa8       0x24 .\CortexM3\ARM_GCC_484\Debug\Boxes5.a(isr_Rx_Left.o)
                0x00000aa8                isr_Rx_Left_SetPriority
 .text.isr_Rx_Left_Enable
                0x00000acc       0x18 .\CortexM3\ARM_GCC_484\Debug\Boxes5.a(isr_Rx_Left.o)
                0x00000acc                isr_Rx_Left_Enable
 .text.isr_Rx_Left_Disable
                0x00000ae4       0x18 .\CortexM3\ARM_GCC_484\Debug\Boxes5.a(isr_Rx_Left.o)
                0x00000ae4                isr_Rx_Left_Disable
 .text.Rx_Front_Start
                0x00000afc       0x20 .\CortexM3\ARM_GCC_484\Debug\Boxes5.a(Rx_Front.o)
                0x00000afc                Rx_Front_Start
 .text.Rx_Front_Init
                0x00000b1c       0x20 .\CortexM3\ARM_GCC_484\Debug\Boxes5.a(Rx_Front.o)
                0x00000b1c                Rx_Front_Init
 .text.Rx_Front_Enable
                0x00000b3c       0x48 .\CortexM3\ARM_GCC_484\Debug\Boxes5.a(Rx_Front.o)
                0x00000b3c                Rx_Front_Enable
 .text.Rx_Front_GetChar
                0x00000b84       0x44 .\CortexM3\ARM_GCC_484\Debug\Boxes5.a(Rx_Front.o)
                0x00000b84                Rx_Front_GetChar
 .text.Rx_Front_GetRxBufferSize
                0x00000bc8       0x30 .\CortexM3\ARM_GCC_484\Debug\Boxes5.a(Rx_Front.o)
                0x00000bc8                Rx_Front_GetRxBufferSize
 .text.Rx_Left_Start
                0x00000bf8       0x20 .\CortexM3\ARM_GCC_484\Debug\Boxes5.a(Rx_Left.o)
                0x00000bf8                Rx_Left_Start
 .text.Rx_Left_Init
                0x00000c18       0x20 .\CortexM3\ARM_GCC_484\Debug\Boxes5.a(Rx_Left.o)
                0x00000c18                Rx_Left_Init
 .text.Rx_Left_Enable
                0x00000c38       0x48 .\CortexM3\ARM_GCC_484\Debug\Boxes5.a(Rx_Left.o)
                0x00000c38                Rx_Left_Enable
 .text.Rx_Left_GetChar
                0x00000c80       0x44 .\CortexM3\ARM_GCC_484\Debug\Boxes5.a(Rx_Left.o)
                0x00000c80                Rx_Left_GetChar
 .text.Rx_Left_GetRxBufferSize
                0x00000cc4       0x30 .\CortexM3\ARM_GCC_484\Debug\Boxes5.a(Rx_Left.o)
                0x00000cc4                Rx_Left_GetRxBufferSize
 .text.isr_Rx_Back_StartEx
                0x00000cf4       0x24 .\CortexM3\ARM_GCC_484\Debug\Boxes5.a(isr_Rx_Back.o)
                0x00000cf4                isr_Rx_Back_StartEx
 .text.isr_Rx_Back_SetVector
                0x00000d18       0x24 .\CortexM3\ARM_GCC_484\Debug\Boxes5.a(isr_Rx_Back.o)
                0x00000d18                isr_Rx_Back_SetVector
 .text.isr_Rx_Back_SetPriority
                0x00000d3c       0x24 .\CortexM3\ARM_GCC_484\Debug\Boxes5.a(isr_Rx_Back.o)
                0x00000d3c                isr_Rx_Back_SetPriority
 .text.isr_Rx_Back_Enable
                0x00000d60       0x18 .\CortexM3\ARM_GCC_484\Debug\Boxes5.a(isr_Rx_Back.o)
                0x00000d60                isr_Rx_Back_Enable
 .text.isr_Rx_Back_Disable
                0x00000d78       0x18 .\CortexM3\ARM_GCC_484\Debug\Boxes5.a(isr_Rx_Back.o)
                0x00000d78                isr_Rx_Back_Disable
 .text.Rx_Back_Start
                0x00000d90       0x20 .\CortexM3\ARM_GCC_484\Debug\Boxes5.a(Rx_Back.o)
                0x00000d90                Rx_Back_Start
 .text.Rx_Back_Init
                0x00000db0       0x20 .\CortexM3\ARM_GCC_484\Debug\Boxes5.a(Rx_Back.o)
                0x00000db0                Rx_Back_Init
 .text.Rx_Back_Enable
                0x00000dd0       0x48 .\CortexM3\ARM_GCC_484\Debug\Boxes5.a(Rx_Back.o)
                0x00000dd0                Rx_Back_Enable
 .text.Rx_Back_GetChar
                0x00000e18       0x44 .\CortexM3\ARM_GCC_484\Debug\Boxes5.a(Rx_Back.o)
                0x00000e18                Rx_Back_GetChar
 .text.Rx_Back_GetRxBufferSize
                0x00000e5c       0x30 .\CortexM3\ARM_GCC_484\Debug\Boxes5.a(Rx_Back.o)
                0x00000e5c                Rx_Back_GetRxBufferSize
 .text.isr_Rx_Front_StartEx
                0x00000e8c       0x24 .\CortexM3\ARM_GCC_484\Debug\Boxes5.a(isr_Rx_Front.o)
                0x00000e8c                isr_Rx_Front_StartEx
 .text.isr_Rx_Front_SetVector
                0x00000eb0       0x24 .\CortexM3\ARM_GCC_484\Debug\Boxes5.a(isr_Rx_Front.o)
                0x00000eb0                isr_Rx_Front_SetVector
 .text.isr_Rx_Front_SetPriority
                0x00000ed4       0x24 .\CortexM3\ARM_GCC_484\Debug\Boxes5.a(isr_Rx_Front.o)
                0x00000ed4                isr_Rx_Front_SetPriority
 .text.isr_Rx_Front_Enable
                0x00000ef8       0x18 .\CortexM3\ARM_GCC_484\Debug\Boxes5.a(isr_Rx_Front.o)
                0x00000ef8                isr_Rx_Front_Enable
 .text.isr_Rx_Front_Disable
                0x00000f10       0x18 .\CortexM3\ARM_GCC_484\Debug\Boxes5.a(isr_Rx_Front.o)
                0x00000f10                isr_Rx_Front_Disable
 .text.LCD_Init
                0x00000f28       0x6c .\CortexM3\ARM_GCC_484\Debug\Boxes5.a(LCD.o)
                0x00000f28                LCD_Init
 .text.LCD_Enable
                0x00000f94       0x18 .\CortexM3\ARM_GCC_484\Debug\Boxes5.a(LCD.o)
                0x00000f94                LCD_Enable
 .text.LCD_Start
                0x00000fac       0x20 .\CortexM3\ARM_GCC_484\Debug\Boxes5.a(LCD.o)
                0x00000fac                LCD_Start
 .text.LCD_Position
                0x00000fcc       0x6c .\CortexM3\ARM_GCC_484\Debug\Boxes5.a(LCD.o)
                0x00000fcc                LCD_Position
 .text.LCD_PrintString
                0x00001038       0x38 .\CortexM3\ARM_GCC_484\Debug\Boxes5.a(LCD.o)
                0x00001038                LCD_PrintString
 .text.LCD_PutChar
                0x00001070       0x18 .\CortexM3\ARM_GCC_484\Debug\Boxes5.a(LCD.o)
                0x00001070                LCD_PutChar
 .text.LCD_WriteData
                0x00001088       0x34 .\CortexM3\ARM_GCC_484\Debug\Boxes5.a(LCD.o)
                0x00001088                LCD_WriteData
 .text.LCD_WriteControl
                0x000010bc       0x34 .\CortexM3\ARM_GCC_484\Debug\Boxes5.a(LCD.o)
                0x000010bc                LCD_WriteControl
 .text.LCD_IsReady
                0x000010f0      0x178 .\CortexM3\ARM_GCC_484\Debug\Boxes5.a(LCD.o)
                0x000010f0                LCD_IsReady
 .text.LCD_WrDatNib
                0x00001268       0x78 .\CortexM3\ARM_GCC_484\Debug\Boxes5.a(LCD.o)
 .text.LCD_WrCntrlNib
                0x000012e0       0x60 .\CortexM3\ARM_GCC_484\Debug\Boxes5.a(LCD.o)
 .text.LCD_PrintInt8
                0x00001340       0x34 .\CortexM3\ARM_GCC_484\Debug\Boxes5.a(LCD.o)
                0x00001340                LCD_PrintInt8
 .text.isr_Rx_Right_StartEx
                0x00001374       0x24 .\CortexM3\ARM_GCC_484\Debug\Boxes5.a(isr_Rx_Right.o)
                0x00001374                isr_Rx_Right_StartEx
 .text.isr_Rx_Right_SetVector
                0x00001398       0x24 .\CortexM3\ARM_GCC_484\Debug\Boxes5.a(isr_Rx_Right.o)
                0x00001398                isr_Rx_Right_SetVector
 .text.isr_Rx_Right_SetPriority
                0x000013bc       0x24 .\CortexM3\ARM_GCC_484\Debug\Boxes5.a(isr_Rx_Right.o)
                0x000013bc                isr_Rx_Right_SetPriority
 .text.isr_Rx_Right_Enable
                0x000013e0       0x18 .\CortexM3\ARM_GCC_484\Debug\Boxes5.a(isr_Rx_Right.o)
                0x000013e0                isr_Rx_Right_Enable
 .text.isr_Rx_Right_Disable
                0x000013f8       0x18 .\CortexM3\ARM_GCC_484\Debug\Boxes5.a(isr_Rx_Right.o)
                0x000013f8                isr_Rx_Right_Disable
 .text.LED_Write
                0x00001410       0x3c .\CortexM3\ARM_GCC_484\Debug\Boxes5.a(LED.o)
                0x00001410                LED_Write
 .text.Button_Read
                0x0000144c       0x20 .\CortexM3\ARM_GCC_484\Debug\Boxes5.a(Button.o)
                0x0000144c                Button_Read
 .text.StartupLED_Write
                0x0000146c       0x3c .\CortexM3\ARM_GCC_484\Debug\Boxes5.a(StartupLED.o)
                0x0000146c                StartupLED_Write
 .text.Rx_Right_IntClock_Start
                0x000014a8       0x34 .\CortexM3\ARM_GCC_484\Debug\Boxes5.a(Rx_Right_IntClock.o)
                0x000014a8                Rx_Right_IntClock_Start
 .text.Rx_Front_IntClock_Start
                0x000014dc       0x34 .\CortexM3\ARM_GCC_484\Debug\Boxes5.a(Rx_Front_IntClock.o)
                0x000014dc                Rx_Front_IntClock_Start
 .text.Rx_Left_IntClock_Start
                0x00001510       0x34 .\CortexM3\ARM_GCC_484\Debug\Boxes5.a(Rx_Left_IntClock.o)
                0x00001510                Rx_Left_IntClock_Start
 .text.Rx_Back_IntClock_Start
                0x00001544       0x34 .\CortexM3\ARM_GCC_484\Debug\Boxes5.a(Rx_Back_IntClock.o)
                0x00001544                Rx_Back_IntClock_Start
 .text.Rx_Front_Register_Read
                0x00001578       0x18 .\CortexM3\ARM_GCC_484\Debug\Boxes5.a(Rx_Front_Register.o)
                0x00001578                Rx_Front_Register_Read
 .text.Rx_Back_Register_Read
                0x00001590       0x18 .\CortexM3\ARM_GCC_484\Debug\Boxes5.a(Rx_Back_Register.o)
                0x00001590                Rx_Back_Register_Read
 .text.Rx_Left_Register_Read
                0x000015a8       0x18 .\CortexM3\ARM_GCC_484\Debug\Boxes5.a(Rx_Left_Register.o)
                0x000015a8                Rx_Left_Register_Read
 .text.Rx_Right_Register_Read
                0x000015c0       0x18 .\CortexM3\ARM_GCC_484\Debug\Boxes5.a(Rx_Right_Register.o)
                0x000015c0                Rx_Right_Register_Read
 .text.Rx_Top_Start
                0x000015d8       0x20 .\CortexM3\ARM_GCC_484\Debug\Boxes5.a(Rx_Top.o)
                0x000015d8                Rx_Top_Start
 .text.Rx_Top_Init
                0x000015f8       0x20 .\CortexM3\ARM_GCC_484\Debug\Boxes5.a(Rx_Top.o)
                0x000015f8                Rx_Top_Init
 .text.Rx_Top_Enable
                0x00001618       0x48 .\CortexM3\ARM_GCC_484\Debug\Boxes5.a(Rx_Top.o)
                0x00001618                Rx_Top_Enable
 .text.Rx_Top_GetChar
                0x00001660       0x44 .\CortexM3\ARM_GCC_484\Debug\Boxes5.a(Rx_Top.o)
                0x00001660                Rx_Top_GetChar
 .text.Rx_Top_GetRxBufferSize
                0x000016a4       0x30 .\CortexM3\ARM_GCC_484\Debug\Boxes5.a(Rx_Top.o)
                0x000016a4                Rx_Top_GetRxBufferSize
 .text.isr_Rx_Top_StartEx
                0x000016d4       0x24 .\CortexM3\ARM_GCC_484\Debug\Boxes5.a(isr_Rx_Top.o)
                0x000016d4                isr_Rx_Top_StartEx
 .text.isr_Rx_Top_SetVector
                0x000016f8       0x24 .\CortexM3\ARM_GCC_484\Debug\Boxes5.a(isr_Rx_Top.o)
                0x000016f8                isr_Rx_Top_SetVector
 .text.isr_Rx_Top_SetPriority
                0x0000171c       0x24 .\CortexM3\ARM_GCC_484\Debug\Boxes5.a(isr_Rx_Top.o)
                0x0000171c                isr_Rx_Top_SetPriority
 .text.isr_Rx_Top_Enable
                0x00001740       0x18 .\CortexM3\ARM_GCC_484\Debug\Boxes5.a(isr_Rx_Top.o)
                0x00001740                isr_Rx_Top_Enable
 .text.isr_Rx_Top_Disable
                0x00001758       0x18 .\CortexM3\ARM_GCC_484\Debug\Boxes5.a(isr_Rx_Top.o)
                0x00001758                isr_Rx_Top_Disable
 .text.Rx_Top_Register_Read
                0x00001770       0x18 .\CortexM3\ARM_GCC_484\Debug\Boxes5.a(Rx_Top_Register.o)
                0x00001770                Rx_Top_Register_Read
 .text.Rx_Bottom_Start
                0x00001788       0x20 .\CortexM3\ARM_GCC_484\Debug\Boxes5.a(Rx_Bottom.o)
                0x00001788                Rx_Bottom_Start
 .text.Rx_Bottom_Init
                0x000017a8       0x20 .\CortexM3\ARM_GCC_484\Debug\Boxes5.a(Rx_Bottom.o)
                0x000017a8                Rx_Bottom_Init
 .text.Rx_Bottom_Enable
                0x000017c8       0x48 .\CortexM3\ARM_GCC_484\Debug\Boxes5.a(Rx_Bottom.o)
                0x000017c8                Rx_Bottom_Enable
 .text.Rx_Bottom_GetChar
                0x00001810       0x44 .\CortexM3\ARM_GCC_484\Debug\Boxes5.a(Rx_Bottom.o)
                0x00001810                Rx_Bottom_GetChar
 .text.Rx_Bottom_GetRxBufferSize
                0x00001854       0x30 .\CortexM3\ARM_GCC_484\Debug\Boxes5.a(Rx_Bottom.o)
                0x00001854                Rx_Bottom_GetRxBufferSize
 .text.isr_Rx_Bottom_StartEx
                0x00001884       0x24 .\CortexM3\ARM_GCC_484\Debug\Boxes5.a(isr_Rx_Bottom.o)
                0x00001884                isr_Rx_Bottom_StartEx
 .text.isr_Rx_Bottom_SetVector
                0x000018a8       0x24 .\CortexM3\ARM_GCC_484\Debug\Boxes5.a(isr_Rx_Bottom.o)
                0x000018a8                isr_Rx_Bottom_SetVector
 .text.isr_Rx_Bottom_SetPriority
                0x000018cc       0x24 .\CortexM3\ARM_GCC_484\Debug\Boxes5.a(isr_Rx_Bottom.o)
                0x000018cc                isr_Rx_Bottom_SetPriority
 .text.isr_Rx_Bottom_Enable
                0x000018f0       0x18 .\CortexM3\ARM_GCC_484\Debug\Boxes5.a(isr_Rx_Bottom.o)
                0x000018f0                isr_Rx_Bottom_Enable
 .text.isr_Rx_Bottom_Disable
                0x00001908       0x18 .\CortexM3\ARM_GCC_484\Debug\Boxes5.a(isr_Rx_Bottom.o)
                0x00001908                isr_Rx_Bottom_Disable
 .text.Rx_Bottom_Register_Read
                0x00001920       0x18 .\CortexM3\ARM_GCC_484\Debug\Boxes5.a(Rx_Bottom_Register.o)
                0x00001920                Rx_Bottom_Register_Read
 .text.Rx_Top_IntClock_Start
                0x00001938       0x34 .\CortexM3\ARM_GCC_484\Debug\Boxes5.a(Rx_Top_IntClock.o)
                0x00001938                Rx_Top_IntClock_Start
 .text.Rx_Bottom_IntClock_Start
                0x0000196c       0x34 .\CortexM3\ARM_GCC_484\Debug\Boxes5.a(Rx_Bottom_IntClock.o)
                0x0000196c                Rx_Bottom_IntClock_Start
 .text.__libc_init_array
                0x000019a0       0x4c c:/program files (x86)/cypress/psoc creator/3.1/psoc creator/import/gnu_cs/arm/4.8.4/bin/../lib/gcc/arm-none-eabi/4.8.4/../../../../arm-none-eabi/lib/armv7-m\libg_s.a(lib_a-init.o)
                0x000019a0                __libc_init_array
 .text.memcpy   0x000019ec       0x12 c:/program files (x86)/cypress/psoc creator/3.1/psoc creator/import/gnu_cs/arm/4.8.4/bin/../lib/gcc/arm-none-eabi/4.8.4/../../../../arm-none-eabi/lib/armv7-m\libg_s.a(lib_a-memcpy-stub.o)
                0x000019ec                memcpy
 .text.memset   0x000019fe       0x10 c:/program files (x86)/cypress/psoc creator/3.1/psoc creator/import/gnu_cs/arm/4.8.4/bin/../lib/gcc/arm-none-eabi/4.8.4/../../../../arm-none-eabi/lib/armv7-m\libg_s.a(lib_a-memset.o)
                0x000019fe                memset
 *(.plt)
 *(.gnu.warning)
 *(.glue_7t)
 .glue_7t       0x00000000        0x0 linker stubs
 *(.glue_7)
 .glue_7        0x00000000        0x0 linker stubs
 *(.vfp11_veneer)
 .vfp11_veneer  0x00000000        0x0 linker stubs
 *(.bootloader)
 *(.ARM.extab* .gnu.linkonce.armextab.*)
 *(.gcc_except_table)

.v4_bx          0x00001a10        0x0
 .v4_bx         0x00000000        0x0 linker stubs

.iplt           0x00001a10        0x0
 .iplt          0x00000000        0x0 c:/program files (x86)/cypress/psoc creator/3.1/psoc creator/import/gnu_cs/arm/4.8.4/bin/../lib/gcc/arm-none-eabi/4.8.4/armv7-m/crtbegin.o

.eh_frame_hdr
 *(.eh_frame_hdr)

.eh_frame       0x00001a10        0x4
 *(.eh_frame)
 .eh_frame      0x00001a10        0x0 c:/program files (x86)/cypress/psoc creator/3.1/psoc creator/import/gnu_cs/arm/4.8.4/bin/../lib/gcc/arm-none-eabi/4.8.4/armv7-m/crtbegin.o
 .eh_frame      0x00001a10        0x4 c:/program files (x86)/cypress/psoc creator/3.1/psoc creator/import/gnu_cs/arm/4.8.4/bin/../lib/gcc/arm-none-eabi/4.8.4/armv7-m/crtend.o
                0x00001a14                PROVIDE (__exidx_start, .)

.ARM.exidx
 *(.ARM.exidx* .gnu.linkonce.armexidx.*)
                0x00001a14                __exidx_end = .

.rodata         0x00001a14       0xec
 *(.rodata .rodata.* .gnu.linkonce.r.*)
 .rodata        0x00001a14       0x14 .\CortexM3\ARM_GCC_484\Debug\main.o
 .rodata        0x00001a28       0x90 .\CortexM3\ARM_GCC_484\Debug\Boxes5.a(cyfitter_cfg.o)
 .rodata        0x00001ab8       0x10 .\CortexM3\ARM_GCC_484\Debug\Boxes5.a(LCD.o)
                0x00001ac8                . = ALIGN (0x4)
 *(.init)
 .init          0x00001ac8        0x4 c:/program files (x86)/cypress/psoc creator/3.1/psoc creator/import/gnu_cs/arm/4.8.4/bin/../lib/gcc/arm-none-eabi/4.8.4/armv7-m/crti.o
                0x00001ac8                _init
 .init          0x00001acc        0x8 c:/program files (x86)/cypress/psoc creator/3.1/psoc creator/import/gnu_cs/arm/4.8.4/bin/../lib/gcc/arm-none-eabi/4.8.4/armv7-m/crtn.o
                0x00001ad4                . = ALIGN (0x4)
                0x00001ad4                __preinit_array_start = .
 *(.preinit_array)
                0x00001ad4                __preinit_array_end = .
                0x00001ad4                . = ALIGN (0x4)
                0x00001ad4                __init_array_start = .
 *(SORT(.init_array.*))
 *(.init_array)
 .init_array    0x00001ad4        0x4 c:/program files (x86)/cypress/psoc creator/3.1/psoc creator/import/gnu_cs/arm/4.8.4/bin/../lib/gcc/arm-none-eabi/4.8.4/armv7-m/crtbegin.o
 .init_array    0x00001ad8        0x4 .\CortexM3\ARM_GCC_484\Debug\Cm3Start.o
                0x00001adc                __init_array_end = .
                0x00001adc                . = ALIGN (0x4)
 *(.fini)
 .fini          0x00001adc        0x4 c:/program files (x86)/cypress/psoc creator/3.1/psoc creator/import/gnu_cs/arm/4.8.4/bin/../lib/gcc/arm-none-eabi/4.8.4/armv7-m/crti.o
                0x00001adc                _fini
 .fini          0x00001ae0        0x8 c:/program files (x86)/cypress/psoc creator/3.1/psoc creator/import/gnu_cs/arm/4.8.4/bin/../lib/gcc/arm-none-eabi/4.8.4/armv7-m/crtn.o
                0x00001ae8                . = ALIGN (0x4)
                0x00001ae8                __fini_array_start = .
 *(.fini_array)
 .fini_array    0x00001ae8        0x4 c:/program files (x86)/cypress/psoc creator/3.1/psoc creator/import/gnu_cs/arm/4.8.4/bin/../lib/gcc/arm-none-eabi/4.8.4/armv7-m/crtbegin.o
 *(SORT(.fini_array.*))
                0x00001aec                __fini_array_end = .
                0x00001aec                . = ALIGN (0x4)
 *crtbegin.o(.ctors)
 *(EXCLUDE_FILE(*crtend.o) .ctors)
 *(SORT(.ctors.*))
 *crtend.o(.ctors)
                0x00001aec                . = ALIGN (0x4)
 *crtbegin.o(.dtors)
 *(EXCLUDE_FILE(*crtend.o) .dtors)
 *(SORT(.dtors.*))
 *crtend.o(.dtors)
                0x00001aec                . = ALIGN (0x4)
                0x00001aec                __cy_regions = .
                0x00001aec        0x4 LONG 0x1b00 __cy_region_init_ram
                0x00001af0        0x4 LONG 0x1fff8108 __cy_region_start_data
                0x00001af4        0x4 LONG 0x18 __cy_region_init_size_ram
                0x00001af8        0x4 LONG 0x28 __cy_region_zero_size_ram
                0x00001afc                __cy_regions_end = .
                0x00001b00                . = ALIGN (0x8)
 *fill*         0x00001afc        0x4 
                0x00001b00                _etext = .

.ramvectors     0x1fff8000      0x100
                0x1fff8000                __cy_region_start_ram = .
 *(.ramvectors)
 .ramvectors    0x1fff8000      0x100 .\CortexM3\ARM_GCC_484\Debug\Cm3Start.o
                0x1fff8000                CyRamVectors

.noinit         0x1fff8100        0x5
 *(.noinit)
 .noinit        0x1fff8100        0x4 .\CortexM3\ARM_GCC_484\Debug\Cm3Start.o
 .noinit        0x1fff8104        0x1 .\CortexM3\ARM_GCC_484\Debug\Boxes5.a(CyLib.o)
                0x1fff8104                CyResetStatus

.data           0x1fff8108       0x18 load address 0x00001b00
                0x1fff8108                __cy_region_start_data = .
 *(.jcr)
 .jcr           0x1fff8108        0x0 c:/program files (x86)/cypress/psoc creator/3.1/psoc creator/import/gnu_cs/arm/4.8.4/bin/../lib/gcc/arm-none-eabi/4.8.4/armv7-m/crtbegin.o
 .jcr           0x1fff8108        0x4 c:/program files (x86)/cypress/psoc creator/3.1/psoc creator/import/gnu_cs/arm/4.8.4/bin/../lib/gcc/arm-none-eabi/4.8.4/armv7-m/crtend.o
 *(.got.plt)
 *(.got)
 *(.shdata)
 *(.data .data.* .gnu.linkonce.d.*)
 .data          0x1fff810c       0x10 .\CortexM3\ARM_GCC_484\Debug\Boxes5.a(CyLib.o)
                0x1fff810c                cydelay_freq_hz
                0x1fff8110                cydelay_freq_khz
                0x1fff8114                cydelay_freq_mhz
                0x1fff8118                cydelay_32k_ms
                0x1fff8120                . = ALIGN (0x8)
 *fill*         0x1fff811c        0x4 
 *(.ram)
                0x1fff8120                _edata = .

.igot.plt       0x1fff8120        0x0 load address 0x00001b18
 .igot.plt      0x00000000        0x0 c:/program files (x86)/cypress/psoc creator/3.1/psoc creator/import/gnu_cs/arm/4.8.4/bin/../lib/gcc/arm-none-eabi/4.8.4/armv7-m/crtbegin.o

.bss            0x1fff8120       0x28 load address 0x00001b18
                0x1fff8120                PROVIDE (__bss_start__, .)
 *(.shbss)
 *(.bss .bss.* .gnu.linkonce.b.*)
 .bss           0x1fff8120       0x1c c:/program files (x86)/cypress/psoc creator/3.1/psoc creator/import/gnu_cs/arm/4.8.4/bin/../lib/gcc/arm-none-eabi/4.8.4/armv7-m/crtbegin.o
 .bss           0x1fff813c        0x1 .\CortexM3\ARM_GCC_484\Debug\Boxes5.a(Rx_Right.o)
                0x1fff813c                Rx_Right_initVar
 .bss           0x1fff813d        0x1 .\CortexM3\ARM_GCC_484\Debug\Boxes5.a(Rx_Front.o)
                0x1fff813d                Rx_Front_initVar
 .bss           0x1fff813e        0x1 .\CortexM3\ARM_GCC_484\Debug\Boxes5.a(Rx_Left.o)
                0x1fff813e                Rx_Left_initVar
 .bss           0x1fff813f        0x1 .\CortexM3\ARM_GCC_484\Debug\Boxes5.a(Rx_Back.o)
                0x1fff813f                Rx_Back_initVar
 .bss           0x1fff8140        0x2 .\CortexM3\ARM_GCC_484\Debug\Boxes5.a(LCD.o)
                0x1fff8140                LCD_enableState
                0x1fff8141                LCD_initVar
 .bss           0x1fff8142        0x1 .\CortexM3\ARM_GCC_484\Debug\Boxes5.a(Rx_Top.o)
                0x1fff8142                Rx_Top_initVar
 .bss           0x1fff8143        0x1 .\CortexM3\ARM_GCC_484\Debug\Boxes5.a(Rx_Bottom.o)
                0x1fff8143                Rx_Bottom_initVar
 *(COMMON)
                0x1fff8148                . = ALIGN (0x8)
 *fill*         0x1fff8144        0x4 
 *(.ram.b)
                0x1fff8148                _end = .
                0x1fff8148                __end = .
                0x1fff8148                PROVIDE (end, .)
                0x1fff8148                PROVIDE (__bss_end__, .)
                0x00001b00                __cy_region_init_ram = LOADADDR (.data)
                0x00000018                __cy_region_init_size_ram = (_edata - ADDR (.data))
                0x00000028                __cy_region_zero_size_ram = (_end - _edata)

.heap           0x1fff8148       0x80 load address 0x00001b18
                0x1fff8148                . = _end
                0x1fff81c8                . = (. + 0x80)
 *fill*         0x1fff8148       0x80 
                0x1fff81c8                __cy_heap_limit = .

.stack          0x20007800      0x800
                0x20007800                __cy_stack_limit = .
                0x20008000                . = (. + 0x800)
 *fill*         0x20007800      0x800 
                0x00000001                ASSERT ((__cy_stack_limit >= __cy_heap_limit), region RAM overflowed with stack)

.cyloadermeta
 *(.cyloadermeta)

.cyloadablemeta
 *(.cyloadablemeta)

.cyconfigecc    0x80000000      0xd1c
 *(.cyconfigecc)
 .cyconfigecc   0x80000000      0xd1c .\CortexM3\ARM_GCC_484\Debug\cymetadata.o
                0x80000000                cy_meta_configecc

.cycustnvl      0x90000000        0x4
 *(.cycustnvl)
 .cycustnvl     0x90000000        0x4 .\CortexM3\ARM_GCC_484\Debug\cymetadata.o
                0x90000000                cy_meta_custnvl

.cywolatch      0x90100000        0x4
 *(.cywolatch)
 .cywolatch     0x90100000        0x4 .\CortexM3\ARM_GCC_484\Debug\cymetadata.o
                0x90100000                cy_meta_wonvl

.cyeeprom       0x90200000        0x0
 *(.cyeeprom)
                0x00000001                ASSERT ((. <= ((0x90200000 + ee_offset) + ee_size)), .cyeeprom data will not fit in EEPROM)

.cyflashprotect
                0x90400000      0x100
 *(.cyflashprotect)
 .cyflashprotect
                0x90400000      0x100 .\CortexM3\ARM_GCC_484\Debug\cymetadata.o
                0x90400000                cy_meta_flashprotect

.cymeta         0x90500000        0xc
 *(.cymeta)
 .cymeta        0x90500000        0xc .\CortexM3\ARM_GCC_484\Debug\cymetadata.o
                0x90500000                cy_metadata

.rel.dyn        0x00001b18        0x0 load address 0x9050000c
 .rel.iplt      0x00000000        0x0 c:/program files (x86)/cypress/psoc creator/3.1/psoc creator/import/gnu_cs/arm/4.8.4/bin/../lib/gcc/arm-none-eabi/4.8.4/armv7-m/crtbegin.o

.stab
 *(.stab)

.stabstr
 *(.stabstr)

.debug
 *(.debug)

.line
 *(.line)

.debug_srcinfo
 *(.debug_srcinfo)

.debug_sfnames
 *(.debug_sfnames)

.debug_aranges  0x00000000     0x1260
 *(.debug_aranges)
 .debug_aranges
                0x00000000       0x68 .\CortexM3\ARM_GCC_484\Debug\main.o
 .debug_aranges
                0x00000068       0x18 .\CortexM3\ARM_GCC_484\Debug\cymetadata.o
 .debug_aranges
                0x00000080       0x48 .\CortexM3\ARM_GCC_484\Debug\Cm3Start.o
 .debug_aranges
                0x000000c8       0x60 .\CortexM3\ARM_GCC_484\Debug\Boxes5.a(cyfitter_cfg.o)
 .debug_aranges
                0x00000128       0x20 .\CortexM3\ARM_GCC_484\Debug\Boxes5.a(CyBootAsmGnu.o)
 .debug_aranges
                0x00000148      0x290 .\CortexM3\ARM_GCC_484\Debug\Boxes5.a(CyLib.o)
 .debug_aranges
                0x000003d8       0x90 .\CortexM3\ARM_GCC_484\Debug\Boxes5.a(cyPm.o)
 .debug_aranges
                0x00000468       0xa0 .\CortexM3\ARM_GCC_484\Debug\Boxes5.a(Tx.o)
 .debug_aranges
                0x00000508       0x98 .\CortexM3\ARM_GCC_484\Debug\Boxes5.a(Rx_Right.o)
 .debug_aranges
                0x000005a0       0x80 .\CortexM3\ARM_GCC_484\Debug\Boxes5.a(isr_Rx_Left.o)
 .debug_aranges
                0x00000620       0x98 .\CortexM3\ARM_GCC_484\Debug\Boxes5.a(Rx_Front.o)
 .debug_aranges
                0x000006b8       0x98 .\CortexM3\ARM_GCC_484\Debug\Boxes5.a(Rx_Left.o)
 .debug_aranges
                0x00000750       0x80 .\CortexM3\ARM_GCC_484\Debug\Boxes5.a(isr_Rx_Back.o)
 .debug_aranges
                0x000007d0       0x98 .\CortexM3\ARM_GCC_484\Debug\Boxes5.a(Rx_Back.o)
 .debug_aranges
                0x00000868       0x80 .\CortexM3\ARM_GCC_484\Debug\Boxes5.a(isr_Rx_Front.o)
 .debug_aranges
                0x000008e8       0x98 .\CortexM3\ARM_GCC_484\Debug\Boxes5.a(LCD.o)
 .debug_aranges
                0x00000980       0x80 .\CortexM3\ARM_GCC_484\Debug\Boxes5.a(isr_Rx_Right.o)
 .debug_aranges
                0x00000a00       0x38 .\CortexM3\ARM_GCC_484\Debug\Boxes5.a(LED.o)
 .debug_aranges
                0x00000a38       0x38 .\CortexM3\ARM_GCC_484\Debug\Boxes5.a(Button.o)
 .debug_aranges
                0x00000a70       0x38 .\CortexM3\ARM_GCC_484\Debug\Boxes5.a(StartupLED.o)
 .debug_aranges
                0x00000aa8       0x70 .\CortexM3\ARM_GCC_484\Debug\Boxes5.a(Tx_IntClock.o)
 .debug_aranges
                0x00000b18       0x70 .\CortexM3\ARM_GCC_484\Debug\Boxes5.a(Rx_Right_IntClock.o)
 .debug_aranges
                0x00000b88       0x70 .\CortexM3\ARM_GCC_484\Debug\Boxes5.a(Rx_Front_IntClock.o)
 .debug_aranges
                0x00000bf8       0x70 .\CortexM3\ARM_GCC_484\Debug\Boxes5.a(Rx_Left_IntClock.o)
 .debug_aranges
                0x00000c68       0x70 .\CortexM3\ARM_GCC_484\Debug\Boxes5.a(Rx_Back_IntClock.o)
 .debug_aranges
                0x00000cd8       0x40 .\CortexM3\ARM_GCC_484\Debug\Boxes5.a(Rx_Front_Register.o)
 .debug_aranges
                0x00000d18       0x40 .\CortexM3\ARM_GCC_484\Debug\Boxes5.a(Rx_Back_Register.o)
 .debug_aranges
                0x00000d58       0x40 .\CortexM3\ARM_GCC_484\Debug\Boxes5.a(Rx_Left_Register.o)
 .debug_aranges
                0x00000d98       0x40 .\CortexM3\ARM_GCC_484\Debug\Boxes5.a(Rx_Right_Register.o)
 .debug_aranges
                0x00000dd8       0x98 .\CortexM3\ARM_GCC_484\Debug\Boxes5.a(Rx_Top.o)
 .debug_aranges
                0x00000e70       0x80 .\CortexM3\ARM_GCC_484\Debug\Boxes5.a(isr_Rx_Top.o)
 .debug_aranges
                0x00000ef0       0x40 .\CortexM3\ARM_GCC_484\Debug\Boxes5.a(Rx_Top_Register.o)
 .debug_aranges
                0x00000f30       0x98 .\CortexM3\ARM_GCC_484\Debug\Boxes5.a(Rx_Bottom.o)
 .debug_aranges
                0x00000fc8       0x80 .\CortexM3\ARM_GCC_484\Debug\Boxes5.a(isr_Rx_Bottom.o)
 .debug_aranges
                0x00001048       0x40 .\CortexM3\ARM_GCC_484\Debug\Boxes5.a(Rx_Bottom_Register.o)
 .debug_aranges
                0x00001088       0x70 .\CortexM3\ARM_GCC_484\Debug\Boxes5.a(Rx_Top_IntClock.o)
 .debug_aranges
                0x000010f8       0x70 .\CortexM3\ARM_GCC_484\Debug\Boxes5.a(Rx_Bottom_IntClock.o)
 .debug_aranges
                0x00001168       0x80 .\CortexM3\ARM_GCC_484\Debug\Boxes5.a(CyFlash.o)
 .debug_aranges
                0x000011e8       0x78 .\CortexM3\ARM_GCC_484\Debug\Boxes5.a(CySpc.o)

.debug_pubnames
 *(.debug_pubnames)

.debug_info     0x00000000     0x6772
 *(.debug_info .gnu.linkonce.wi.*)
 .debug_info    0x00000000      0x262 .\CortexM3\ARM_GCC_484\Debug\main.o
 .debug_info    0x00000262      0x13e .\CortexM3\ARM_GCC_484\Debug\cymetadata.o
 .debug_info    0x000003a0      0x323 .\CortexM3\ARM_GCC_484\Debug\Cm3Start.o
 .debug_info    0x000006c3      0x448 .\CortexM3\ARM_GCC_484\Debug\Boxes5.a(cyfitter_cfg.o)
 .debug_info    0x00000b0b       0x99 .\CortexM3\ARM_GCC_484\Debug\Boxes5.a(CyBootAsmGnu.o)
 .debug_info    0x00000ba4      0xd85 .\CortexM3\ARM_GCC_484\Debug\Boxes5.a(CyLib.o)
 .debug_info    0x00001929      0x536 .\CortexM3\ARM_GCC_484\Debug\Boxes5.a(cyPm.o)
 .debug_info    0x00001e5f      0x375 .\CortexM3\ARM_GCC_484\Debug\Boxes5.a(Tx.o)
 .debug_info    0x000021d4      0x2f1 .\CortexM3\ARM_GCC_484\Debug\Boxes5.a(Rx_Right.o)
 .debug_info    0x000024c5      0x236 .\CortexM3\ARM_GCC_484\Debug\Boxes5.a(isr_Rx_Left.o)
 .debug_info    0x000026fb      0x2f1 .\CortexM3\ARM_GCC_484\Debug\Boxes5.a(Rx_Front.o)
 .debug_info    0x000029ec      0x2f1 .\CortexM3\ARM_GCC_484\Debug\Boxes5.a(Rx_Left.o)
 .debug_info    0x00002cdd      0x236 .\CortexM3\ARM_GCC_484\Debug\Boxes5.a(isr_Rx_Back.o)
 .debug_info    0x00002f13      0x2f1 .\CortexM3\ARM_GCC_484\Debug\Boxes5.a(Rx_Back.o)
 .debug_info    0x00003204      0x236 .\CortexM3\ARM_GCC_484\Debug\Boxes5.a(isr_Rx_Front.o)
 .debug_info    0x0000343a      0x3c4 .\CortexM3\ARM_GCC_484\Debug\Boxes5.a(LCD.o)
 .debug_info    0x000037fe      0x236 .\CortexM3\ARM_GCC_484\Debug\Boxes5.a(isr_Rx_Right.o)
 .debug_info    0x00003a34      0x11d .\CortexM3\ARM_GCC_484\Debug\Boxes5.a(LED.o)
 .debug_info    0x00003b51      0x11d .\CortexM3\ARM_GCC_484\Debug\Boxes5.a(Button.o)
 .debug_info    0x00003c6e      0x11d .\CortexM3\ARM_GCC_484\Debug\Boxes5.a(StartupLED.o)
 .debug_info    0x00003d8b      0x25b .\CortexM3\ARM_GCC_484\Debug\Boxes5.a(Tx_IntClock.o)
 .debug_info    0x00003fe6      0x25b .\CortexM3\ARM_GCC_484\Debug\Boxes5.a(Rx_Right_IntClock.o)
 .debug_info    0x00004241      0x25b .\CortexM3\ARM_GCC_484\Debug\Boxes5.a(Rx_Front_IntClock.o)
 .debug_info    0x0000449c      0x25b .\CortexM3\ARM_GCC_484\Debug\Boxes5.a(Rx_Left_IntClock.o)
 .debug_info    0x000046f7      0x25b .\CortexM3\ARM_GCC_484\Debug\Boxes5.a(Rx_Back_IntClock.o)
 .debug_info    0x00004952      0x13a .\CortexM3\ARM_GCC_484\Debug\Boxes5.a(Rx_Front_Register.o)
 .debug_info    0x00004a8c      0x13a .\CortexM3\ARM_GCC_484\Debug\Boxes5.a(Rx_Back_Register.o)
 .debug_info    0x00004bc6      0x13a .\CortexM3\ARM_GCC_484\Debug\Boxes5.a(Rx_Left_Register.o)
 .debug_info    0x00004d00      0x13a .\CortexM3\ARM_GCC_484\Debug\Boxes5.a(Rx_Right_Register.o)
 .debug_info    0x00004e3a      0x2f1 .\CortexM3\ARM_GCC_484\Debug\Boxes5.a(Rx_Top.o)
 .debug_info    0x0000512b      0x236 .\CortexM3\ARM_GCC_484\Debug\Boxes5.a(isr_Rx_Top.o)
 .debug_info    0x00005361      0x13a .\CortexM3\ARM_GCC_484\Debug\Boxes5.a(Rx_Top_Register.o)
 .debug_info    0x0000549b      0x2f1 .\CortexM3\ARM_GCC_484\Debug\Boxes5.a(Rx_Bottom.o)
 .debug_info    0x0000578c      0x236 .\CortexM3\ARM_GCC_484\Debug\Boxes5.a(isr_Rx_Bottom.o)
 .debug_info    0x000059c2      0x13a .\CortexM3\ARM_GCC_484\Debug\Boxes5.a(Rx_Bottom_Register.o)
 .debug_info    0x00005afc      0x25b .\CortexM3\ARM_GCC_484\Debug\Boxes5.a(Rx_Top_IntClock.o)
 .debug_info    0x00005d57      0x25b .\CortexM3\ARM_GCC_484\Debug\Boxes5.a(Rx_Bottom_IntClock.o)
 .debug_info    0x00005fb2      0x36a .\CortexM3\ARM_GCC_484\Debug\Boxes5.a(CyFlash.o)
 .debug_info    0x0000631c      0x456 .\CortexM3\ARM_GCC_484\Debug\Boxes5.a(CySpc.o)

.debug_abbrev   0x00000000     0x2c1c
 *(.debug_abbrev)
 .debug_abbrev  0x00000000      0x112 .\CortexM3\ARM_GCC_484\Debug\main.o
 .debug_abbrev  0x00000112       0x77 .\CortexM3\ARM_GCC_484\Debug\cymetadata.o
 .debug_abbrev  0x00000189      0x1c5 .\CortexM3\ARM_GCC_484\Debug\Cm3Start.o
 .debug_abbrev  0x0000034e      0x1b7 .\CortexM3\ARM_GCC_484\Debug\Boxes5.a(cyfitter_cfg.o)
 .debug_abbrev  0x00000505       0x14 .\CortexM3\ARM_GCC_484\Debug\Boxes5.a(CyBootAsmGnu.o)
 .debug_abbrev  0x00000519      0x217 .\CortexM3\ARM_GCC_484\Debug\Boxes5.a(CyLib.o)
 .debug_abbrev  0x00000730      0x16e .\CortexM3\ARM_GCC_484\Debug\Boxes5.a(cyPm.o)
 .debug_abbrev  0x0000089e      0x156 .\CortexM3\ARM_GCC_484\Debug\Boxes5.a(Tx.o)
 .debug_abbrev  0x000009f4      0x157 .\CortexM3\ARM_GCC_484\Debug\Boxes5.a(Rx_Right.o)
 .debug_abbrev  0x00000b4b      0x156 .\CortexM3\ARM_GCC_484\Debug\Boxes5.a(isr_Rx_Left.o)
 .debug_abbrev  0x00000ca1      0x157 .\CortexM3\ARM_GCC_484\Debug\Boxes5.a(Rx_Front.o)
 .debug_abbrev  0x00000df8      0x157 .\CortexM3\ARM_GCC_484\Debug\Boxes5.a(Rx_Left.o)
 .debug_abbrev  0x00000f4f      0x156 .\CortexM3\ARM_GCC_484\Debug\Boxes5.a(isr_Rx_Back.o)
 .debug_abbrev  0x000010a5      0x157 .\CortexM3\ARM_GCC_484\Debug\Boxes5.a(Rx_Back.o)
 .debug_abbrev  0x000011fc      0x156 .\CortexM3\ARM_GCC_484\Debug\Boxes5.a(isr_Rx_Front.o)
 .debug_abbrev  0x00001352      0x12d .\CortexM3\ARM_GCC_484\Debug\Boxes5.a(LCD.o)
 .debug_abbrev  0x0000147f      0x156 .\CortexM3\ARM_GCC_484\Debug\Boxes5.a(isr_Rx_Right.o)
 .debug_abbrev  0x000015d5       0x9d .\CortexM3\ARM_GCC_484\Debug\Boxes5.a(LED.o)
 .debug_abbrev  0x00001672       0x9d .\CortexM3\ARM_GCC_484\Debug\Boxes5.a(Button.o)
 .debug_abbrev  0x0000170f       0x9d .\CortexM3\ARM_GCC_484\Debug\Boxes5.a(StartupLED.o)
 .debug_abbrev  0x000017ac      0x12a .\CortexM3\ARM_GCC_484\Debug\Boxes5.a(Tx_IntClock.o)
 .debug_abbrev  0x000018d6      0x12a .\CortexM3\ARM_GCC_484\Debug\Boxes5.a(Rx_Right_IntClock.o)
 .debug_abbrev  0x00001a00      0x12a .\CortexM3\ARM_GCC_484\Debug\Boxes5.a(Rx_Front_IntClock.o)
 .debug_abbrev  0x00001b2a      0x12a .\CortexM3\ARM_GCC_484\Debug\Boxes5.a(Rx_Left_IntClock.o)
 .debug_abbrev  0x00001c54      0x12a .\CortexM3\ARM_GCC_484\Debug\Boxes5.a(Rx_Back_IntClock.o)
 .debug_abbrev  0x00001d7e       0xb7 .\CortexM3\ARM_GCC_484\Debug\Boxes5.a(Rx_Front_Register.o)
 .debug_abbrev  0x00001e35       0xb7 .\CortexM3\ARM_GCC_484\Debug\Boxes5.a(Rx_Back_Register.o)
 .debug_abbrev  0x00001eec       0xb7 .\CortexM3\ARM_GCC_484\Debug\Boxes5.a(Rx_Left_Register.o)
 .debug_abbrev  0x00001fa3       0xb7 .\CortexM3\ARM_GCC_484\Debug\Boxes5.a(Rx_Right_Register.o)
 .debug_abbrev  0x0000205a      0x157 .\CortexM3\ARM_GCC_484\Debug\Boxes5.a(Rx_Top.o)
 .debug_abbrev  0x000021b1      0x156 .\CortexM3\ARM_GCC_484\Debug\Boxes5.a(isr_Rx_Top.o)
 .debug_abbrev  0x00002307       0xb7 .\CortexM3\ARM_GCC_484\Debug\Boxes5.a(Rx_Top_Register.o)
 .debug_abbrev  0x000023be      0x157 .\CortexM3\ARM_GCC_484\Debug\Boxes5.a(Rx_Bottom.o)
 .debug_abbrev  0x00002515      0x156 .\CortexM3\ARM_GCC_484\Debug\Boxes5.a(isr_Rx_Bottom.o)
 .debug_abbrev  0x0000266b       0xb7 .\CortexM3\ARM_GCC_484\Debug\Boxes5.a(Rx_Bottom_Register.o)
 .debug_abbrev  0x00002722      0x12a .\CortexM3\ARM_GCC_484\Debug\Boxes5.a(Rx_Top_IntClock.o)
 .debug_abbrev  0x0000284c      0x12a .\CortexM3\ARM_GCC_484\Debug\Boxes5.a(Rx_Bottom_IntClock.o)
 .debug_abbrev  0x00002976      0x12d .\CortexM3\ARM_GCC_484\Debug\Boxes5.a(CyFlash.o)
 .debug_abbrev  0x00002aa3      0x179 .\CortexM3\ARM_GCC_484\Debug\Boxes5.a(CySpc.o)

.debug_line     0x00000000     0x3eca
 *(.debug_line)
 .debug_line    0x00000000      0x271 .\CortexM3\ARM_GCC_484\Debug\main.o
 .debug_line    0x00000271       0x53 .\CortexM3\ARM_GCC_484\Debug\cymetadata.o
 .debug_line    0x000002c4      0x1d0 .\CortexM3\ARM_GCC_484\Debug\Cm3Start.o
 .debug_line    0x00000494      0x227 .\CortexM3\ARM_GCC_484\Debug\Boxes5.a(cyfitter_cfg.o)
 .debug_line    0x000006bb       0x68 .\CortexM3\ARM_GCC_484\Debug\Boxes5.a(CyBootAsmGnu.o)
 .debug_line    0x00000723      0x839 .\CortexM3\ARM_GCC_484\Debug\Boxes5.a(CyLib.o)
 .debug_line    0x00000f5c      0x366 .\CortexM3\ARM_GCC_484\Debug\Boxes5.a(cyPm.o)
 .debug_line    0x000012c2      0x1fd .\CortexM3\ARM_GCC_484\Debug\Boxes5.a(Tx.o)
 .debug_line    0x000014bf      0x1bb .\CortexM3\ARM_GCC_484\Debug\Boxes5.a(Rx_Right.o)
 .debug_line    0x0000167a      0x156 .\CortexM3\ARM_GCC_484\Debug\Boxes5.a(isr_Rx_Left.o)
 .debug_line    0x000017d0      0x1bb .\CortexM3\ARM_GCC_484\Debug\Boxes5.a(Rx_Front.o)
 .debug_line    0x0000198b      0x1ba .\CortexM3\ARM_GCC_484\Debug\Boxes5.a(Rx_Left.o)
 .debug_line    0x00001b45      0x146 .\CortexM3\ARM_GCC_484\Debug\Boxes5.a(isr_Rx_Back.o)
 .debug_line    0x00001c8b      0x1ba .\CortexM3\ARM_GCC_484\Debug\Boxes5.a(Rx_Back.o)
 .debug_line    0x00001e45      0x157 .\CortexM3\ARM_GCC_484\Debug\Boxes5.a(isr_Rx_Front.o)
 .debug_line    0x00001f9c      0x1ef .\CortexM3\ARM_GCC_484\Debug\Boxes5.a(LCD.o)
 .debug_line    0x0000218b      0x157 .\CortexM3\ARM_GCC_484\Debug\Boxes5.a(isr_Rx_Right.o)
 .debug_line    0x000022e2       0x94 .\CortexM3\ARM_GCC_484\Debug\Boxes5.a(LED.o)
 .debug_line    0x00002376       0x97 .\CortexM3\ARM_GCC_484\Debug\Boxes5.a(Button.o)
 .debug_line    0x0000240d       0x9b .\CortexM3\ARM_GCC_484\Debug\Boxes5.a(StartupLED.o)
 .debug_line    0x000024a8      0x1a3 .\CortexM3\ARM_GCC_484\Debug\Boxes5.a(Tx_IntClock.o)
 .debug_line    0x0000264b      0x1a9 .\CortexM3\ARM_GCC_484\Debug\Boxes5.a(Rx_Right_IntClock.o)
 .debug_line    0x000027f4      0x1a9 .\CortexM3\ARM_GCC_484\Debug\Boxes5.a(Rx_Front_IntClock.o)
 .debug_line    0x0000299d      0x1a8 .\CortexM3\ARM_GCC_484\Debug\Boxes5.a(Rx_Left_IntClock.o)
 .debug_line    0x00002b45      0x1a8 .\CortexM3\ARM_GCC_484\Debug\Boxes5.a(Rx_Back_IntClock.o)
 .debug_line    0x00002ced       0xb7 .\CortexM3\ARM_GCC_484\Debug\Boxes5.a(Rx_Front_Register.o)
 .debug_line    0x00002da4       0xb6 .\CortexM3\ARM_GCC_484\Debug\Boxes5.a(Rx_Back_Register.o)
 .debug_line    0x00002e5a       0xb6 .\CortexM3\ARM_GCC_484\Debug\Boxes5.a(Rx_Left_Register.o)
 .debug_line    0x00002f10       0xb7 .\CortexM3\ARM_GCC_484\Debug\Boxes5.a(Rx_Right_Register.o)
 .debug_line    0x00002fc7      0x1b9 .\CortexM3\ARM_GCC_484\Debug\Boxes5.a(Rx_Top.o)
 .debug_line    0x00003180      0x155 .\CortexM3\ARM_GCC_484\Debug\Boxes5.a(isr_Rx_Top.o)
 .debug_line    0x000032d5       0xb5 .\CortexM3\ARM_GCC_484\Debug\Boxes5.a(Rx_Top_Register.o)
 .debug_line    0x0000338a      0x1bc .\CortexM3\ARM_GCC_484\Debug\Boxes5.a(Rx_Bottom.o)
 .debug_line    0x00003546      0x158 .\CortexM3\ARM_GCC_484\Debug\Boxes5.a(isr_Rx_Bottom.o)
 .debug_line    0x0000369e       0xb8 .\CortexM3\ARM_GCC_484\Debug\Boxes5.a(Rx_Bottom_Register.o)
 .debug_line    0x00003756      0x1a7 .\CortexM3\ARM_GCC_484\Debug\Boxes5.a(Rx_Top_IntClock.o)
 .debug_line    0x000038fd      0x1aa .\CortexM3\ARM_GCC_484\Debug\Boxes5.a(Rx_Bottom_IntClock.o)
 .debug_line    0x00003aa7      0x217 .\CortexM3\ARM_GCC_484\Debug\Boxes5.a(CyFlash.o)
 .debug_line    0x00003cbe      0x20c .\CortexM3\ARM_GCC_484\Debug\Boxes5.a(CySpc.o)

.debug_frame    0x00000000     0x38dc
 *(.debug_frame)
 .debug_frame   0x00000000      0x164 .\CortexM3\ARM_GCC_484\Debug\main.o
 .debug_frame   0x00000164       0xc4 .\CortexM3\ARM_GCC_484\Debug\Cm3Start.o
 .debug_frame   0x00000228      0x120 .\CortexM3\ARM_GCC_484\Debug\Boxes5.a(cyfitter_cfg.o)
 .debug_frame   0x00000348      0x924 .\CortexM3\ARM_GCC_484\Debug\Boxes5.a(CyLib.o)
 .debug_frame   0x00000c6c      0x1d0 .\CortexM3\ARM_GCC_484\Debug\Boxes5.a(cyPm.o)
 .debug_frame   0x00000e3c      0x204 .\CortexM3\ARM_GCC_484\Debug\Boxes5.a(Tx.o)
 .debug_frame   0x00001040      0x1e4 .\CortexM3\ARM_GCC_484\Debug\Boxes5.a(Rx_Right.o)
 .debug_frame   0x00001224      0x180 .\CortexM3\ARM_GCC_484\Debug\Boxes5.a(isr_Rx_Left.o)
 .debug_frame   0x000013a4      0x1e4 .\CortexM3\ARM_GCC_484\Debug\Boxes5.a(Rx_Front.o)
 .debug_frame   0x00001588      0x1e4 .\CortexM3\ARM_GCC_484\Debug\Boxes5.a(Rx_Left.o)
 .debug_frame   0x0000176c      0x180 .\CortexM3\ARM_GCC_484\Debug\Boxes5.a(isr_Rx_Back.o)
 .debug_frame   0x000018ec      0x1e4 .\CortexM3\ARM_GCC_484\Debug\Boxes5.a(Rx_Back.o)
 .debug_frame   0x00001ad0      0x180 .\CortexM3\ARM_GCC_484\Debug\Boxes5.a(isr_Rx_Front.o)
 .debug_frame   0x00001c50      0x200 .\CortexM3\ARM_GCC_484\Debug\Boxes5.a(LCD.o)
 .debug_frame   0x00001e50      0x180 .\CortexM3\ARM_GCC_484\Debug\Boxes5.a(isr_Rx_Right.o)
 .debug_frame   0x00001fd0       0x80 .\CortexM3\ARM_GCC_484\Debug\Boxes5.a(LED.o)
 .debug_frame   0x00002050       0x80 .\CortexM3\ARM_GCC_484\Debug\Boxes5.a(Button.o)
 .debug_frame   0x000020d0       0x80 .\CortexM3\ARM_GCC_484\Debug\Boxes5.a(StartupLED.o)
 .debug_frame   0x00002150      0x14c .\CortexM3\ARM_GCC_484\Debug\Boxes5.a(Tx_IntClock.o)
 .debug_frame   0x0000229c      0x14c .\CortexM3\ARM_GCC_484\Debug\Boxes5.a(Rx_Right_IntClock.o)
 .debug_frame   0x000023e8      0x14c .\CortexM3\ARM_GCC_484\Debug\Boxes5.a(Rx_Front_IntClock.o)
 .debug_frame   0x00002534      0x14c .\CortexM3\ARM_GCC_484\Debug\Boxes5.a(Rx_Left_IntClock.o)
 .debug_frame   0x00002680      0x14c .\CortexM3\ARM_GCC_484\Debug\Boxes5.a(Rx_Back_IntClock.o)
 .debug_frame   0x000027cc       0xa4 .\CortexM3\ARM_GCC_484\Debug\Boxes5.a(Rx_Front_Register.o)
 .debug_frame   0x00002870       0xa4 .\CortexM3\ARM_GCC_484\Debug\Boxes5.a(Rx_Back_Register.o)
 .debug_frame   0x00002914       0xa4 .\CortexM3\ARM_GCC_484\Debug\Boxes5.a(Rx_Left_Register.o)
 .debug_frame   0x000029b8       0xa4 .\CortexM3\ARM_GCC_484\Debug\Boxes5.a(Rx_Right_Register.o)
 .debug_frame   0x00002a5c      0x1e4 .\CortexM3\ARM_GCC_484\Debug\Boxes5.a(Rx_Top.o)
 .debug_frame   0x00002c40      0x180 .\CortexM3\ARM_GCC_484\Debug\Boxes5.a(isr_Rx_Top.o)
 .debug_frame   0x00002dc0       0xa4 .\CortexM3\ARM_GCC_484\Debug\Boxes5.a(Rx_Top_Register.o)
 .debug_frame   0x00002e64      0x1e4 .\CortexM3\ARM_GCC_484\Debug\Boxes5.a(Rx_Bottom.o)
 .debug_frame   0x00003048      0x180 .\CortexM3\ARM_GCC_484\Debug\Boxes5.a(isr_Rx_Bottom.o)
 .debug_frame   0x000031c8       0xa4 .\CortexM3\ARM_GCC_484\Debug\Boxes5.a(Rx_Bottom_Register.o)
 .debug_frame   0x0000326c      0x14c .\CortexM3\ARM_GCC_484\Debug\Boxes5.a(Rx_Top_IntClock.o)
 .debug_frame   0x000033b8      0x14c .\CortexM3\ARM_GCC_484\Debug\Boxes5.a(Rx_Bottom_IntClock.o)
 .debug_frame   0x00003504      0x1a8 .\CortexM3\ARM_GCC_484\Debug\Boxes5.a(CyFlash.o)
 .debug_frame   0x000036ac      0x174 .\CortexM3\ARM_GCC_484\Debug\Boxes5.a(CySpc.o)
 .debug_frame   0x00003820       0x20 c:/program files (x86)/cypress/psoc creator/3.1/psoc creator/import/gnu_cs/arm/4.8.4/bin/../lib/gcc/arm-none-eabi/4.8.4/../../../../arm-none-eabi/lib/armv7-m\libg_s.a(lib_a-errno.o)
 .debug_frame   0x00003840       0x28 c:/program files (x86)/cypress/psoc creator/3.1/psoc creator/import/gnu_cs/arm/4.8.4/bin/../lib/gcc/arm-none-eabi/4.8.4/../../../../arm-none-eabi/lib/armv7-m\libg_s.a(lib_a-exit.o)
 .debug_frame   0x00003868       0x2c c:/program files (x86)/cypress/psoc creator/3.1/psoc creator/import/gnu_cs/arm/4.8.4/bin/../lib/gcc/arm-none-eabi/4.8.4/../../../../arm-none-eabi/lib/armv7-m\libg_s.a(lib_a-init.o)
 .debug_frame   0x00003894       0x28 c:/program files (x86)/cypress/psoc creator/3.1/psoc creator/import/gnu_cs/arm/4.8.4/bin/../lib/gcc/arm-none-eabi/4.8.4/../../../../arm-none-eabi/lib/armv7-m\libg_s.a(lib_a-memcpy-stub.o)
 .debug_frame   0x000038bc       0x20 c:/program files (x86)/cypress/psoc creator/3.1/psoc creator/import/gnu_cs/arm/4.8.4/bin/../lib/gcc/arm-none-eabi/4.8.4/../../../../arm-none-eabi/lib/armv7-m\libg_s.a(lib_a-memset.o)

.debug_str      0x00000000     0x3639
 *(.debug_str)
 .debug_str     0x00000000      0x27d .\CortexM3\ARM_GCC_484\Debug\main.o
                                0x2be (size before relaxing)
 .debug_str     0x0000027d       0x77 .\CortexM3\ARM_GCC_484\Debug\cymetadata.o
                                0x1e1 (size before relaxing)
 .debug_str     0x000002f4      0x13e .\CortexM3\ARM_GCC_484\Debug\Cm3Start.o
                                0x2c2 (size before relaxing)
 .debug_str     0x00000432      0x193 .\CortexM3\ARM_GCC_484\Debug\Boxes5.a(cyfitter_cfg.o)
                                0x323 (size before relaxing)
 .debug_str     0x000005c5      0x7bb .\CortexM3\ARM_GCC_484\Debug\Boxes5.a(CyLib.o)
                                0x982 (size before relaxing)
 .debug_str     0x00000d80      0x371 .\CortexM3\ARM_GCC_484\Debug\Boxes5.a(cyPm.o)
                                0x512 (size before relaxing)
 .debug_str     0x000010f1      0x194 .\CortexM3\ARM_GCC_484\Debug\Boxes5.a(Tx.o)
                                0x30f (size before relaxing)
 .debug_str     0x00001285      0x16e .\CortexM3\ARM_GCC_484\Debug\Boxes5.a(Rx_Right.o)
                                0x351 (size before relaxing)
 .debug_str     0x000013f3      0x13c .\CortexM3\ARM_GCC_484\Debug\Boxes5.a(isr_Rx_Left.o)
                                0x2e5 (size before relaxing)
 .debug_str     0x0000152f      0x15e .\CortexM3\ARM_GCC_484\Debug\Boxes5.a(Rx_Front.o)
                                0x351 (size before relaxing)
 .debug_str     0x0000168d      0x14f .\CortexM3\ARM_GCC_484\Debug\Boxes5.a(Rx_Left.o)
                                0x33f (size before relaxing)
 .debug_str     0x000017dc      0x13c .\CortexM3\ARM_GCC_484\Debug\Boxes5.a(isr_Rx_Back.o)
                                0x2e5 (size before relaxing)
 .debug_str     0x00001918      0x14f .\CortexM3\ARM_GCC_484\Debug\Boxes5.a(Rx_Back.o)
                                0x33f (size before relaxing)
 .debug_str     0x00001a67      0x14a .\CortexM3\ARM_GCC_484\Debug\Boxes5.a(isr_Rx_Front.o)
                                0x2f3 (size before relaxing)
 .debug_str     0x00001bb1      0x15d .\CortexM3\ARM_GCC_484\Debug\Boxes5.a(LCD.o)
                                0x304 (size before relaxing)
 .debug_str     0x00001d0e      0x14a .\CortexM3\ARM_GCC_484\Debug\Boxes5.a(isr_Rx_Right.o)
                                0x2f3 (size before relaxing)
 .debug_str     0x00001e58       0x2a .\CortexM3\ARM_GCC_484\Debug\Boxes5.a(LED.o)
                                0x1cf (size before relaxing)
 .debug_str     0x00001e82       0x62 .\CortexM3\ARM_GCC_484\Debug\Boxes5.a(Button.o)
                                0x1de (size before relaxing)
 .debug_str     0x00001ee4       0x76 .\CortexM3\ARM_GCC_484\Debug\Boxes5.a(StartupLED.o)
                                0x1f2 (size before relaxing)
 .debug_str     0x00001f5a      0x194 .\CortexM3\ARM_GCC_484\Debug\Boxes5.a(Tx_IntClock.o)
                                0x315 (size before relaxing)
 .debug_str     0x000020ee      0x191 .\CortexM3\ARM_GCC_484\Debug\Boxes5.a(Rx_Right_IntClock.o)
                                0x35d (size before relaxing)
 .debug_str     0x0000227f      0x191 .\CortexM3\ARM_GCC_484\Debug\Boxes5.a(Rx_Front_IntClock.o)
                                0x35d (size before relaxing)
 .debug_str     0x00002410      0x185 .\CortexM3\ARM_GCC_484\Debug\Boxes5.a(Rx_Left_IntClock.o)
                                0x351 (size before relaxing)
 .debug_str     0x00002595      0x185 .\CortexM3\ARM_GCC_484\Debug\Boxes5.a(Rx_Back_IntClock.o)
                                0x351 (size before relaxing)
 .debug_str     0x0000271a       0xc0 .\CortexM3\ARM_GCC_484\Debug\Boxes5.a(Rx_Front_Register.o)
                                0x243 (size before relaxing)
 .debug_str     0x000027da       0xba .\CortexM3\ARM_GCC_484\Debug\Boxes5.a(Rx_Back_Register.o)
                                0x23d (size before relaxing)
 .debug_str     0x00002894       0xba .\CortexM3\ARM_GCC_484\Debug\Boxes5.a(Rx_Left_Register.o)
                                0x23d (size before relaxing)
 .debug_str     0x0000294e       0xc0 .\CortexM3\ARM_GCC_484\Debug\Boxes5.a(Rx_Right_Register.o)
                                0x243 (size before relaxing)
 .debug_str     0x00002a0e      0x140 .\CortexM3\ARM_GCC_484\Debug\Boxes5.a(Rx_Top.o)
                                0x32d (size before relaxing)
 .debug_str     0x00002b4e      0x12e .\CortexM3\ARM_GCC_484\Debug\Boxes5.a(isr_Rx_Top.o)
                                0x2d7 (size before relaxing)
 .debug_str     0x00002c7c       0xb4 .\CortexM3\ARM_GCC_484\Debug\Boxes5.a(Rx_Top_Register.o)
                                0x237 (size before relaxing)
 .debug_str     0x00002d30      0x16d .\CortexM3\ARM_GCC_484\Debug\Boxes5.a(Rx_Bottom.o)
                                0x363 (size before relaxing)
 .debug_str     0x00002e9d      0x158 .\CortexM3\ARM_GCC_484\Debug\Boxes5.a(isr_Rx_Bottom.o)
                                0x301 (size before relaxing)
 .debug_str     0x00002ff5       0xc6 .\CortexM3\ARM_GCC_484\Debug\Boxes5.a(Rx_Bottom_Register.o)
                                0x249 (size before relaxing)
 .debug_str     0x000030bb      0x179 .\CortexM3\ARM_GCC_484\Debug\Boxes5.a(Rx_Top_IntClock.o)
                                0x345 (size before relaxing)
 .debug_str     0x00003234      0x19d .\CortexM3\ARM_GCC_484\Debug\Boxes5.a(Rx_Bottom_IntClock.o)
                                0x369 (size before relaxing)
 .debug_str     0x000033d1      0x147 .\CortexM3\ARM_GCC_484\Debug\Boxes5.a(CyFlash.o)
                                0x2e1 (size before relaxing)
 .debug_str     0x00003518      0x121 .\CortexM3\ARM_GCC_484\Debug\Boxes5.a(CySpc.o)
                                0x2de (size before relaxing)

.debug_loc
 *(.debug_loc)

.debug_macinfo
 *(.debug_macinfo)

.debug_ranges   0x00000000      0xfd8
 *(.debug_ranges)
 .debug_ranges  0x00000000       0x58 .\CortexM3\ARM_GCC_484\Debug\main.o
 .debug_ranges  0x00000058       0x38 .\CortexM3\ARM_GCC_484\Debug\Cm3Start.o
 .debug_ranges  0x00000090       0x50 .\CortexM3\ARM_GCC_484\Debug\Boxes5.a(cyfitter_cfg.o)
 .debug_ranges  0x000000e0      0x280 .\CortexM3\ARM_GCC_484\Debug\Boxes5.a(CyLib.o)
 .debug_ranges  0x00000360       0x80 .\CortexM3\ARM_GCC_484\Debug\Boxes5.a(cyPm.o)
 .debug_ranges  0x000003e0       0x90 .\CortexM3\ARM_GCC_484\Debug\Boxes5.a(Tx.o)
 .debug_ranges  0x00000470       0x88 .\CortexM3\ARM_GCC_484\Debug\Boxes5.a(Rx_Right.o)
 .debug_ranges  0x000004f8       0x70 .\CortexM3\ARM_GCC_484\Debug\Boxes5.a(isr_Rx_Left.o)
 .debug_ranges  0x00000568       0x88 .\CortexM3\ARM_GCC_484\Debug\Boxes5.a(Rx_Front.o)
 .debug_ranges  0x000005f0       0x88 .\CortexM3\ARM_GCC_484\Debug\Boxes5.a(Rx_Left.o)
 .debug_ranges  0x00000678       0x70 .\CortexM3\ARM_GCC_484\Debug\Boxes5.a(isr_Rx_Back.o)
 .debug_ranges  0x000006e8       0x88 .\CortexM3\ARM_GCC_484\Debug\Boxes5.a(Rx_Back.o)
 .debug_ranges  0x00000770       0x70 .\CortexM3\ARM_GCC_484\Debug\Boxes5.a(isr_Rx_Front.o)
 .debug_ranges  0x000007e0       0x88 .\CortexM3\ARM_GCC_484\Debug\Boxes5.a(LCD.o)
 .debug_ranges  0x00000868       0x70 .\CortexM3\ARM_GCC_484\Debug\Boxes5.a(isr_Rx_Right.o)
 .debug_ranges  0x000008d8       0x28 .\CortexM3\ARM_GCC_484\Debug\Boxes5.a(LED.o)
 .debug_ranges  0x00000900       0x28 .\CortexM3\ARM_GCC_484\Debug\Boxes5.a(Button.o)
 .debug_ranges  0x00000928       0x28 .\CortexM3\ARM_GCC_484\Debug\Boxes5.a(StartupLED.o)
 .debug_ranges  0x00000950       0x60 .\CortexM3\ARM_GCC_484\Debug\Boxes5.a(Tx_IntClock.o)
 .debug_ranges  0x000009b0       0x60 .\CortexM3\ARM_GCC_484\Debug\Boxes5.a(Rx_Right_IntClock.o)
 .debug_ranges  0x00000a10       0x60 .\CortexM3\ARM_GCC_484\Debug\Boxes5.a(Rx_Front_IntClock.o)
 .debug_ranges  0x00000a70       0x60 .\CortexM3\ARM_GCC_484\Debug\Boxes5.a(Rx_Left_IntClock.o)
 .debug_ranges  0x00000ad0       0x60 .\CortexM3\ARM_GCC_484\Debug\Boxes5.a(Rx_Back_IntClock.o)
 .debug_ranges  0x00000b30       0x30 .\CortexM3\ARM_GCC_484\Debug\Boxes5.a(Rx_Front_Register.o)
 .debug_ranges  0x00000b60       0x30 .\CortexM3\ARM_GCC_484\Debug\Boxes5.a(Rx_Back_Register.o)
 .debug_ranges  0x00000b90       0x30 .\CortexM3\ARM_GCC_484\Debug\Boxes5.a(Rx_Left_Register.o)
 .debug_ranges  0x00000bc0       0x30 .\CortexM3\ARM_GCC_484\Debug\Boxes5.a(Rx_Right_Register.o)
 .debug_ranges  0x00000bf0       0x88 .\CortexM3\ARM_GCC_484\Debug\Boxes5.a(Rx_Top.o)
 .debug_ranges  0x00000c78       0x70 .\CortexM3\ARM_GCC_484\Debug\Boxes5.a(isr_Rx_Top.o)
 .debug_ranges  0x00000ce8       0x30 .\CortexM3\ARM_GCC_484\Debug\Boxes5.a(Rx_Top_Register.o)
 .debug_ranges  0x00000d18       0x88 .\CortexM3\ARM_GCC_484\Debug\Boxes5.a(Rx_Bottom.o)
 .debug_ranges  0x00000da0       0x70 .\CortexM3\ARM_GCC_484\Debug\Boxes5.a(isr_Rx_Bottom.o)
 .debug_ranges  0x00000e10       0x30 .\CortexM3\ARM_GCC_484\Debug\Boxes5.a(Rx_Bottom_Register.o)
 .debug_ranges  0x00000e40       0x60 .\CortexM3\ARM_GCC_484\Debug\Boxes5.a(Rx_Top_IntClock.o)
 .debug_ranges  0x00000ea0       0x60 .\CortexM3\ARM_GCC_484\Debug\Boxes5.a(Rx_Bottom_IntClock.o)
 .debug_ranges  0x00000f00       0x70 .\CortexM3\ARM_GCC_484\Debug\Boxes5.a(CyFlash.o)
 .debug_ranges  0x00000f70       0x68 .\CortexM3\ARM_GCC_484\Debug\Boxes5.a(CySpc.o)

.comment        0x00000000       0x70
 .comment       0x00000000       0x70 .\CortexM3\ARM_GCC_484\Debug\main.o
                                 0x71 (size before relaxing)
 .comment       0x00000000       0x71 .\CortexM3\ARM_GCC_484\Debug\cymetadata.o
 .comment       0x00000000       0x71 .\CortexM3\ARM_GCC_484\Debug\Cm3Start.o
 .comment       0x00000000       0x71 .\CortexM3\ARM_GCC_484\Debug\Boxes5.a(cyfitter_cfg.o)
 .comment       0x00000000       0x71 .\CortexM3\ARM_GCC_484\Debug\Boxes5.a(CyLib.o)
 .comment       0x00000000       0x71 .\CortexM3\ARM_GCC_484\Debug\Boxes5.a(cyPm.o)
 .comment       0x00000000       0x71 .\CortexM3\ARM_GCC_484\Debug\Boxes5.a(Tx.o)
 .comment       0x00000000       0x71 .\CortexM3\ARM_GCC_484\Debug\Boxes5.a(Rx_Right.o)
 .comment       0x00000000       0x71 .\CortexM3\ARM_GCC_484\Debug\Boxes5.a(isr_Rx_Left.o)
 .comment       0x00000000       0x71 .\CortexM3\ARM_GCC_484\Debug\Boxes5.a(Rx_Front.o)
 .comment       0x00000000       0x71 .\CortexM3\ARM_GCC_484\Debug\Boxes5.a(Rx_Left.o)
 .comment       0x00000000       0x71 .\CortexM3\ARM_GCC_484\Debug\Boxes5.a(isr_Rx_Back.o)
 .comment       0x00000000       0x71 .\CortexM3\ARM_GCC_484\Debug\Boxes5.a(Rx_Back.o)
 .comment       0x00000000       0x71 .\CortexM3\ARM_GCC_484\Debug\Boxes5.a(isr_Rx_Front.o)
 .comment       0x00000000       0x71 .\CortexM3\ARM_GCC_484\Debug\Boxes5.a(LCD.o)
 .comment       0x00000000       0x71 .\CortexM3\ARM_GCC_484\Debug\Boxes5.a(isr_Rx_Right.o)
 .comment       0x00000000       0x71 .\CortexM3\ARM_GCC_484\Debug\Boxes5.a(LED.o)
 .comment       0x00000000       0x71 .\CortexM3\ARM_GCC_484\Debug\Boxes5.a(Button.o)
 .comment       0x00000000       0x71 .\CortexM3\ARM_GCC_484\Debug\Boxes5.a(StartupLED.o)
 .comment       0x00000000       0x71 .\CortexM3\ARM_GCC_484\Debug\Boxes5.a(Tx_IntClock.o)
 .comment       0x00000000       0x71 .\CortexM3\ARM_GCC_484\Debug\Boxes5.a(Rx_Right_IntClock.o)
 .comment       0x00000000       0x71 .\CortexM3\ARM_GCC_484\Debug\Boxes5.a(Rx_Front_IntClock.o)
 .comment       0x00000000       0x71 .\CortexM3\ARM_GCC_484\Debug\Boxes5.a(Rx_Left_IntClock.o)
 .comment       0x00000000       0x71 .\CortexM3\ARM_GCC_484\Debug\Boxes5.a(Rx_Back_IntClock.o)
 .comment       0x00000000       0x71 .\CortexM3\ARM_GCC_484\Debug\Boxes5.a(Rx_Front_Register.o)
 .comment       0x00000000       0x71 .\CortexM3\ARM_GCC_484\Debug\Boxes5.a(Rx_Back_Register.o)
 .comment       0x00000000       0x71 .\CortexM3\ARM_GCC_484\Debug\Boxes5.a(Rx_Left_Register.o)
 .comment       0x00000000       0x71 .\CortexM3\ARM_GCC_484\Debug\Boxes5.a(Rx_Right_Register.o)
 .comment       0x00000000       0x71 .\CortexM3\ARM_GCC_484\Debug\Boxes5.a(Rx_Top.o)
 .comment       0x00000000       0x71 .\CortexM3\ARM_GCC_484\Debug\Boxes5.a(isr_Rx_Top.o)
 .comment       0x00000000       0x71 .\CortexM3\ARM_GCC_484\Debug\Boxes5.a(Rx_Top_Register.o)
 .comment       0x00000000       0x71 .\CortexM3\ARM_GCC_484\Debug\Boxes5.a(Rx_Bottom.o)
 .comment       0x00000000       0x71 .\CortexM3\ARM_GCC_484\Debug\Boxes5.a(isr_Rx_Bottom.o)
 .comment       0x00000000       0x71 .\CortexM3\ARM_GCC_484\Debug\Boxes5.a(Rx_Bottom_Register.o)
 .comment       0x00000000       0x71 .\CortexM3\ARM_GCC_484\Debug\Boxes5.a(Rx_Top_IntClock.o)
 .comment       0x00000000       0x71 .\CortexM3\ARM_GCC_484\Debug\Boxes5.a(Rx_Bottom_IntClock.o)
 .comment       0x00000000       0x71 .\CortexM3\ARM_GCC_484\Debug\Boxes5.a(CyFlash.o)
 .comment       0x00000000       0x71 .\CortexM3\ARM_GCC_484\Debug\Boxes5.a(CySpc.o)

.debug_weaknames
 *(.debug_weaknames)

.debug_funcnames
 *(.debug_funcnames)

.debug_typenames
 *(.debug_typenames)

.debug_varnames
 *(.debug_varnames)

.note.gnu.arm.ident
 *(.note.gnu.arm.ident)

.ARM.attributes
                0x00000000       0x29
 *(.ARM.attributes)
 .ARM.attributes
                0x00000000       0x1d c:/program files (x86)/cypress/psoc creator/3.1/psoc creator/import/gnu_cs/arm/4.8.4/bin/../lib/gcc/arm-none-eabi/4.8.4/armv7-m/crti.o
 .ARM.attributes
                0x0000001d       0x2d c:/program files (x86)/cypress/psoc creator/3.1/psoc creator/import/gnu_cs/arm/4.8.4/bin/../lib/gcc/arm-none-eabi/4.8.4/armv7-m/crtbegin.o
 .ARM.attributes
                0x0000004a       0x1b c:/program files (x86)/cypress/psoc creator/3.1/psoc creator/import/gnu_cs/arm/4.8.4/bin/../lib/gcc/arm-none-eabi/4.8.4/../../../../arm-none-eabi/lib/armv7-m/crt0.o
 .ARM.attributes
                0x00000065       0x33 .\CortexM3\ARM_GCC_484\Debug\main.o
 .ARM.attributes
                0x00000098       0x33 .\CortexM3\ARM_GCC_484\Debug\cymetadata.o
 .ARM.attributes
                0x000000cb       0x33 .\CortexM3\ARM_GCC_484\Debug\Cm3Start.o
 .ARM.attributes
                0x000000fe       0x33 .\CortexM3\ARM_GCC_484\Debug\Boxes5.a(cyfitter_cfg.o)
 .ARM.attributes
                0x00000131       0x21 .\CortexM3\ARM_GCC_484\Debug\Boxes5.a(CyBootAsmGnu.o)
 .ARM.attributes
                0x00000152       0x33 .\CortexM3\ARM_GCC_484\Debug\Boxes5.a(CyLib.o)
 .ARM.attributes
                0x00000185       0x33 .\CortexM3\ARM_GCC_484\Debug\Boxes5.a(cyPm.o)
 .ARM.attributes
                0x000001b8       0x33 .\CortexM3\ARM_GCC_484\Debug\Boxes5.a(Tx.o)
 .ARM.attributes
                0x000001eb       0x33 .\CortexM3\ARM_GCC_484\Debug\Boxes5.a(Rx_Right.o)
 .ARM.attributes
                0x0000021e       0x33 .\CortexM3\ARM_GCC_484\Debug\Boxes5.a(isr_Rx_Left.o)
 .ARM.attributes
                0x00000251       0x33 .\CortexM3\ARM_GCC_484\Debug\Boxes5.a(Rx_Front.o)
 .ARM.attributes
                0x00000284       0x33 .\CortexM3\ARM_GCC_484\Debug\Boxes5.a(Rx_Left.o)
 .ARM.attributes
                0x000002b7       0x33 .\CortexM3\ARM_GCC_484\Debug\Boxes5.a(isr_Rx_Back.o)
 .ARM.attributes
                0x000002ea       0x33 .\CortexM3\ARM_GCC_484\Debug\Boxes5.a(Rx_Back.o)
 .ARM.attributes
                0x0000031d       0x33 .\CortexM3\ARM_GCC_484\Debug\Boxes5.a(isr_Rx_Front.o)
 .ARM.attributes
                0x00000350       0x33 .\CortexM3\ARM_GCC_484\Debug\Boxes5.a(LCD.o)
 .ARM.attributes
                0x00000383       0x33 .\CortexM3\ARM_GCC_484\Debug\Boxes5.a(isr_Rx_Right.o)
 .ARM.attributes
                0x000003b6       0x33 .\CortexM3\ARM_GCC_484\Debug\Boxes5.a(LED.o)
 .ARM.attributes
                0x000003e9       0x33 .\CortexM3\ARM_GCC_484\Debug\Boxes5.a(Button.o)
 .ARM.attributes
                0x0000041c       0x33 .\CortexM3\ARM_GCC_484\Debug\Boxes5.a(StartupLED.o)
 .ARM.attributes
                0x0000044f       0x33 .\CortexM3\ARM_GCC_484\Debug\Boxes5.a(Tx_IntClock.o)
 .ARM.attributes
                0x00000482       0x33 .\CortexM3\ARM_GCC_484\Debug\Boxes5.a(Rx_Right_IntClock.o)
 .ARM.attributes
                0x000004b5       0x33 .\CortexM3\ARM_GCC_484\Debug\Boxes5.a(Rx_Front_IntClock.o)
 .ARM.attributes
                0x000004e8       0x33 .\CortexM3\ARM_GCC_484\Debug\Boxes5.a(Rx_Left_IntClock.o)
 .ARM.attributes
                0x0000051b       0x33 .\CortexM3\ARM_GCC_484\Debug\Boxes5.a(Rx_Back_IntClock.o)
 .ARM.attributes
                0x0000054e       0x33 .\CortexM3\ARM_GCC_484\Debug\Boxes5.a(Rx_Front_Register.o)
 .ARM.attributes
                0x00000581       0x33 .\CortexM3\ARM_GCC_484\Debug\Boxes5.a(Rx_Back_Register.o)
 .ARM.attributes
                0x000005b4       0x33 .\CortexM3\ARM_GCC_484\Debug\Boxes5.a(Rx_Left_Register.o)
 .ARM.attributes
                0x000005e7       0x33 .\CortexM3\ARM_GCC_484\Debug\Boxes5.a(Rx_Right_Register.o)
 .ARM.attributes
                0x0000061a       0x33 .\CortexM3\ARM_GCC_484\Debug\Boxes5.a(Rx_Top.o)
 .ARM.attributes
                0x0000064d       0x33 .\CortexM3\ARM_GCC_484\Debug\Boxes5.a(isr_Rx_Top.o)
 .ARM.attributes
                0x00000680       0x33 .\CortexM3\ARM_GCC_484\Debug\Boxes5.a(Rx_Top_Register.o)
 .ARM.attributes
                0x000006b3       0x33 .\CortexM3\ARM_GCC_484\Debug\Boxes5.a(Rx_Bottom.o)
 .ARM.attributes
                0x000006e6       0x33 .\CortexM3\ARM_GCC_484\Debug\Boxes5.a(isr_Rx_Bottom.o)
 .ARM.attributes
                0x00000719       0x33 .\CortexM3\ARM_GCC_484\Debug\Boxes5.a(Rx_Bottom_Register.o)
 .ARM.attributes
                0x0000074c       0x33 .\CortexM3\ARM_GCC_484\Debug\Boxes5.a(Rx_Top_IntClock.o)
 .ARM.attributes
                0x0000077f       0x33 .\CortexM3\ARM_GCC_484\Debug\Boxes5.a(Rx_Bottom_IntClock.o)
 .ARM.attributes
                0x000007b2       0x33 .\CortexM3\ARM_GCC_484\Debug\Boxes5.a(CyFlash.o)
 .ARM.attributes
                0x000007e5       0x33 .\CortexM3\ARM_GCC_484\Debug\Boxes5.a(CySpc.o)
 .ARM.attributes
                0x00000818       0x2d c:/program files (x86)/cypress/psoc creator/3.1/psoc creator/import/gnu_cs/arm/4.8.4/bin/../lib/gcc/arm-none-eabi/4.8.4/../../../../arm-none-eabi/lib/armv7-m\libg_s.a(lib_a-errno.o)
 .ARM.attributes
                0x00000845       0x2d c:/program files (x86)/cypress/psoc creator/3.1/psoc creator/import/gnu_cs/arm/4.8.4/bin/../lib/gcc/arm-none-eabi/4.8.4/../../../../arm-none-eabi/lib/armv7-m\libg_s.a(lib_a-exit.o)
 .ARM.attributes
                0x00000872       0x2d c:/program files (x86)/cypress/psoc creator/3.1/psoc creator/import/gnu_cs/arm/4.8.4/bin/../lib/gcc/arm-none-eabi/4.8.4/../../../../arm-none-eabi/lib/armv7-m\libg_s.a(lib_a-impure.o)
 .ARM.attributes
                0x0000089f       0x2d c:/program files (x86)/cypress/psoc creator/3.1/psoc creator/import/gnu_cs/arm/4.8.4/bin/../lib/gcc/arm-none-eabi/4.8.4/../../../../arm-none-eabi/lib/armv7-m\libg_s.a(lib_a-init.o)
 .ARM.attributes
                0x000008cc       0x2d c:/program files (x86)/cypress/psoc creator/3.1/psoc creator/import/gnu_cs/arm/4.8.4/bin/../lib/gcc/arm-none-eabi/4.8.4/../../../../arm-none-eabi/lib/armv7-m\libg_s.a(lib_a-memcpy-stub.o)
 .ARM.attributes
                0x000008f9       0x2d c:/program files (x86)/cypress/psoc creator/3.1/psoc creator/import/gnu_cs/arm/4.8.4/bin/../lib/gcc/arm-none-eabi/4.8.4/../../../../arm-none-eabi/lib/armv7-m\libg_s.a(lib_a-memset.o)
 .ARM.attributes
                0x00000926       0x2d c:/program files (x86)/cypress/psoc creator/3.1/psoc creator/import/gnu_cs/arm/4.8.4/bin/../lib/gcc/arm-none-eabi/4.8.4/armv7-m/crtend.o
 .ARM.attributes
                0x00000953       0x1d c:/program files (x86)/cypress/psoc creator/3.1/psoc creator/import/gnu_cs/arm/4.8.4/bin/../lib/gcc/arm-none-eabi/4.8.4/armv7-m/crtn.o

/DISCARD/
 *(.note.GNU-stack)
OUTPUT(.\CortexM3\ARM_GCC_484\Debug\Boxes5.elf elf32-littlearm)
