Archive member included because of file (symbol)

.\CortexM0\ARM_GCC_484\Debug\BoxesBLE.a(cyfitter_cfg.o)
                              .\CortexM0\ARM_GCC_484\Debug\Cm0Start.o (cyfitter_cfg)
.\CortexM0\ARM_GCC_484\Debug\BoxesBLE.a(UART_1.o)
                              .\CortexM0\ARM_GCC_484\Debug\main.o (UART_1_Start)
.\CortexM0\ARM_GCC_484\Debug\BoxesBLE.a(UART_1_IntClock.o)
                              .\CortexM0\ARM_GCC_484\Debug\BoxesBLE.a(UART_1.o) (UART_1_IntClock_StartEx)
.\CortexM0\ARM_GCC_484\Debug\BoxesBLE.a(CyBootAsmGnu.o)
                              .\CortexM0\ARM_GCC_484\Debug\BoxesBLE.a(UART_1.o) (CyEnterCriticalSection)
.\CortexM0\ARM_GCC_484\Debug\BoxesBLE.a(CyLib.o)
                              .\CortexM0\ARM_GCC_484\Debug\BoxesBLE.a(cyfitter_cfg.o) (CyDelayUs)
.\CortexM0\ARM_GCC_484\Debug\BoxesBLE.a(LED.o)
                              .\CortexM0\ARM_GCC_484\Debug\main.o (LED_Write)
c:/program files (x86)/cypress/psoc creator/3.1/psoc creator/import/gnu_cs/arm/4.8.4/bin/../lib/gcc/arm-none-eabi/4.8.4/armv6-m\libgcc.a(_udivsi3.o)
                              .\CortexM0\ARM_GCC_484\Debug\BoxesBLE.a(CyLib.o) (__aeabi_uidiv)
c:/program files (x86)/cypress/psoc creator/3.1/psoc creator/import/gnu_cs/arm/4.8.4/bin/../lib/gcc/arm-none-eabi/4.8.4/armv6-m\libgcc.a(_divsi3.o)
                              .\CortexM0\ARM_GCC_484\Debug\Cm0Start.o (__aeabi_idiv)
c:/program files (x86)/cypress/psoc creator/3.1/psoc creator/import/gnu_cs/arm/4.8.4/bin/../lib/gcc/arm-none-eabi/4.8.4/armv6-m\libgcc.a(_dvmd_tls.o)
                              c:/program files (x86)/cypress/psoc creator/3.1/psoc creator/import/gnu_cs/arm/4.8.4/bin/../lib/gcc/arm-none-eabi/4.8.4/armv6-m\libgcc.a(_udivsi3.o) (__aeabi_idiv0)
c:/program files (x86)/cypress/psoc creator/3.1/psoc creator/import/gnu_cs/arm/4.8.4/bin/../lib/gcc/arm-none-eabi/4.8.4/../../../../arm-none-eabi/lib/armv6-m\libg_s.a(lib_a-errno.o)
                              .\CortexM0\ARM_GCC_484\Debug\Cm0Start.o (__errno)
c:/program files (x86)/cypress/psoc creator/3.1/psoc creator/import/gnu_cs/arm/4.8.4/bin/../lib/gcc/arm-none-eabi/4.8.4/../../../../arm-none-eabi/lib/armv6-m\libg_s.a(lib_a-exit.o)
                              c:/program files (x86)/cypress/psoc creator/3.1/psoc creator/import/gnu_cs/arm/4.8.4/bin/../lib/gcc/arm-none-eabi/4.8.4/../../../../arm-none-eabi/lib/armv6-m/crt0.o (exit)
c:/program files (x86)/cypress/psoc creator/3.1/psoc creator/import/gnu_cs/arm/4.8.4/bin/../lib/gcc/arm-none-eabi/4.8.4/../../../../arm-none-eabi/lib/armv6-m\libg_s.a(lib_a-impure.o)
                              c:/program files (x86)/cypress/psoc creator/3.1/psoc creator/import/gnu_cs/arm/4.8.4/bin/../lib/gcc/arm-none-eabi/4.8.4/../../../../arm-none-eabi/lib/armv6-m\libg_s.a(lib_a-exit.o) (_global_impure_ptr)
c:/program files (x86)/cypress/psoc creator/3.1/psoc creator/import/gnu_cs/arm/4.8.4/bin/../lib/gcc/arm-none-eabi/4.8.4/../../../../arm-none-eabi/lib/armv6-m\libg_s.a(lib_a-init.o)
                              c:/program files (x86)/cypress/psoc creator/3.1/psoc creator/import/gnu_cs/arm/4.8.4/bin/../lib/gcc/arm-none-eabi/4.8.4/../../../../arm-none-eabi/lib/armv6-m/crt0.o (__libc_init_array)
c:/program files (x86)/cypress/psoc creator/3.1/psoc creator/import/gnu_cs/arm/4.8.4/bin/../lib/gcc/arm-none-eabi/4.8.4/../../../../arm-none-eabi/lib/armv6-m\libg_s.a(lib_a-memcpy-stub.o)
                              .\CortexM0\ARM_GCC_484\Debug\BoxesBLE.a(cyfitter_cfg.o) (memcpy)
c:/program files (x86)/cypress/psoc creator/3.1/psoc creator/import/gnu_cs/arm/4.8.4/bin/../lib/gcc/arm-none-eabi/4.8.4/../../../../arm-none-eabi/lib/armv6-m\libg_s.a(lib_a-memset.o)
                              c:/program files (x86)/cypress/psoc creator/3.1/psoc creator/import/gnu_cs/arm/4.8.4/bin/../lib/gcc/arm-none-eabi/4.8.4/../../../../arm-none-eabi/lib/armv6-m/crt0.o (memset)

Discarded input sections

 .text          0x00000000        0x0 c:/program files (x86)/cypress/psoc creator/3.1/psoc creator/import/gnu_cs/arm/4.8.4/bin/../lib/gcc/arm-none-eabi/4.8.4/armv6-m/crti.o
 .data          0x00000000        0x0 c:/program files (x86)/cypress/psoc creator/3.1/psoc creator/import/gnu_cs/arm/4.8.4/bin/../lib/gcc/arm-none-eabi/4.8.4/armv6-m/crti.o
 .bss           0x00000000        0x0 c:/program files (x86)/cypress/psoc creator/3.1/psoc creator/import/gnu_cs/arm/4.8.4/bin/../lib/gcc/arm-none-eabi/4.8.4/armv6-m/crti.o
 .data          0x00000000        0x4 c:/program files (x86)/cypress/psoc creator/3.1/psoc creator/import/gnu_cs/arm/4.8.4/bin/../lib/gcc/arm-none-eabi/4.8.4/armv6-m/crtbegin.o
 .text          0x00000000       0x78 c:/program files (x86)/cypress/psoc creator/3.1/psoc creator/import/gnu_cs/arm/4.8.4/bin/../lib/gcc/arm-none-eabi/4.8.4/../../../../arm-none-eabi/lib/armv6-m/crt0.o
 .data          0x00000000        0x0 c:/program files (x86)/cypress/psoc creator/3.1/psoc creator/import/gnu_cs/arm/4.8.4/bin/../lib/gcc/arm-none-eabi/4.8.4/../../../../arm-none-eabi/lib/armv6-m/crt0.o
 .bss           0x00000000        0x0 c:/program files (x86)/cypress/psoc creator/3.1/psoc creator/import/gnu_cs/arm/4.8.4/bin/../lib/gcc/arm-none-eabi/4.8.4/../../../../arm-none-eabi/lib/armv6-m/crt0.o
 .ARM.extab     0x00000000        0x0 c:/program files (x86)/cypress/psoc creator/3.1/psoc creator/import/gnu_cs/arm/4.8.4/bin/../lib/gcc/arm-none-eabi/4.8.4/../../../../arm-none-eabi/lib/armv6-m/crt0.o
 .ARM.exidx     0x00000000        0x8 c:/program files (x86)/cypress/psoc creator/3.1/psoc creator/import/gnu_cs/arm/4.8.4/bin/../lib/gcc/arm-none-eabi/4.8.4/../../../../arm-none-eabi/lib/armv6-m/crt0.o
 .text          0x00000000        0x0 .\CortexM0\ARM_GCC_484\Debug\main.o
 .data          0x00000000        0x0 .\CortexM0\ARM_GCC_484\Debug\main.o
 .bss           0x00000000        0x0 .\CortexM0\ARM_GCC_484\Debug\main.o
 .text.isr_UART_1_Int
                0x00000000       0x38 .\CortexM0\ARM_GCC_484\Debug\main.o
 .text          0x00000000        0x0 .\CortexM0\ARM_GCC_484\Debug\cymetadata.o
 .data          0x00000000        0x0 .\CortexM0\ARM_GCC_484\Debug\cymetadata.o
 .bss           0x00000000        0x0 .\CortexM0\ARM_GCC_484\Debug\cymetadata.o
 .text          0x00000000        0x0 .\CortexM0\ARM_GCC_484\Debug\Cm0Start.o
 .data          0x00000000        0x4 .\CortexM0\ARM_GCC_484\Debug\Cm0Start.o
 .bss           0x00000000        0x0 .\CortexM0\ARM_GCC_484\Debug\Cm0Start.o
 .text._exit    0x00000000       0x28 .\CortexM0\ARM_GCC_484\Debug\Cm0Start.o
 .text._sbrk    0x00000000       0x50 .\CortexM0\ARM_GCC_484\Debug\Cm0Start.o
 .text          0x00000000        0x0 .\CortexM0\ARM_GCC_484\Debug\BoxesBLE.a(cyfitter_cfg.o)
 .bss           0x00000000        0x0 .\CortexM0\ARM_GCC_484\Debug\BoxesBLE.a(cyfitter_cfg.o)
 .text.CYCONFIGCPY
                0x00000000       0x24 .\CortexM0\ARM_GCC_484\Debug\BoxesBLE.a(cyfitter_cfg.o)
 .text          0x00000000        0x0 .\CortexM0\ARM_GCC_484\Debug\BoxesBLE.a(UART_1.o)
 .data          0x00000000        0x0 .\CortexM0\ARM_GCC_484\Debug\BoxesBLE.a(UART_1.o)
 .text.UART_1_Stop
                0x00000000       0x4c .\CortexM0\ARM_GCC_484\Debug\BoxesBLE.a(UART_1.o)
 .text.UART_1_SetRxInterruptMode
                0x00000000       0x20 .\CortexM0\ARM_GCC_484\Debug\BoxesBLE.a(UART_1.o)
 .text.UART_1_ReadRxData
                0x00000000       0x20 .\CortexM0\ARM_GCC_484\Debug\BoxesBLE.a(UART_1.o)
 .text.UART_1_ReadRxStatus
                0x00000000       0x24 .\CortexM0\ARM_GCC_484\Debug\BoxesBLE.a(UART_1.o)
 .text.UART_1_GetByte
                0x00000000       0x24 .\CortexM0\ARM_GCC_484\Debug\BoxesBLE.a(UART_1.o)
 .text.UART_1_GetRxBufferSize
                0x00000000       0x30 .\CortexM0\ARM_GCC_484\Debug\BoxesBLE.a(UART_1.o)
 .text.UART_1_ClearRxBuffer
                0x00000000       0x44 .\CortexM0\ARM_GCC_484\Debug\BoxesBLE.a(UART_1.o)
 .text.UART_1_SetRxAddressMode
                0x00000000       0x14 .\CortexM0\ARM_GCC_484\Debug\BoxesBLE.a(UART_1.o)
 .text.UART_1_SetRxAddress1
                0x00000000       0x20 .\CortexM0\ARM_GCC_484\Debug\BoxesBLE.a(UART_1.o)
 .text.UART_1_SetRxAddress2
                0x00000000       0x20 .\CortexM0\ARM_GCC_484\Debug\BoxesBLE.a(UART_1.o)
 .text.UART_1_SetTxInterruptMode
                0x00000000       0x20 .\CortexM0\ARM_GCC_484\Debug\BoxesBLE.a(UART_1.o)
 .text.UART_1_WriteTxData
                0x00000000       0x2c .\CortexM0\ARM_GCC_484\Debug\BoxesBLE.a(UART_1.o)
 .text.UART_1_ReadTxStatus
                0x00000000       0x14 .\CortexM0\ARM_GCC_484\Debug\BoxesBLE.a(UART_1.o)
 .text.UART_1_PutChar
                0x00000000       0x34 .\CortexM0\ARM_GCC_484\Debug\BoxesBLE.a(UART_1.o)
 .text.UART_1_PutString
                0x00000000       0x54 .\CortexM0\ARM_GCC_484\Debug\BoxesBLE.a(UART_1.o)
 .text.UART_1_PutArray
                0x00000000       0x58 .\CortexM0\ARM_GCC_484\Debug\BoxesBLE.a(UART_1.o)
 .text.UART_1_PutCRLF
                0x00000000       0x34 .\CortexM0\ARM_GCC_484\Debug\BoxesBLE.a(UART_1.o)
 .text.UART_1_GetTxBufferSize
                0x00000000       0x48 .\CortexM0\ARM_GCC_484\Debug\BoxesBLE.a(UART_1.o)
 .text.UART_1_ClearTxBuffer
                0x00000000       0x44 .\CortexM0\ARM_GCC_484\Debug\BoxesBLE.a(UART_1.o)
 .text.UART_1_SendBreak
                0x00000000       0xbc .\CortexM0\ARM_GCC_484\Debug\BoxesBLE.a(UART_1.o)
 .text.UART_1_SetTxAddressMode
                0x00000000       0x40 .\CortexM0\ARM_GCC_484\Debug\BoxesBLE.a(UART_1.o)
 .text.UART_1_LoadTxConfig
                0x00000000       0x24 .\CortexM0\ARM_GCC_484\Debug\BoxesBLE.a(UART_1.o)
 .text          0x00000000        0x0 .\CortexM0\ARM_GCC_484\Debug\BoxesBLE.a(UART_1_IntClock.o)
 .data          0x00000000        0x0 .\CortexM0\ARM_GCC_484\Debug\BoxesBLE.a(UART_1_IntClock.o)
 .bss           0x00000000        0x0 .\CortexM0\ARM_GCC_484\Debug\BoxesBLE.a(UART_1_IntClock.o)
 .text.UART_1_IntClock_Stop
                0x00000000       0x20 .\CortexM0\ARM_GCC_484\Debug\BoxesBLE.a(UART_1_IntClock.o)
 .text.UART_1_IntClock_SetFractionalDividerRegister
                0x00000000       0x44 .\CortexM0\ARM_GCC_484\Debug\BoxesBLE.a(UART_1_IntClock.o)
 .text.UART_1_IntClock_GetDividerRegister
                0x00000000       0x18 .\CortexM0\ARM_GCC_484\Debug\BoxesBLE.a(UART_1_IntClock.o)
 .text.UART_1_IntClock_GetFractionalDividerRegister
                0x00000000        0xc .\CortexM0\ARM_GCC_484\Debug\BoxesBLE.a(UART_1_IntClock.o)
 .data          0x00000000        0x0 .\CortexM0\ARM_GCC_484\Debug\BoxesBLE.a(CyBootAsmGnu.o)
 .bss           0x00000000        0x0 .\CortexM0\ARM_GCC_484\Debug\BoxesBLE.a(CyBootAsmGnu.o)
 .text          0x00000000        0x0 .\CortexM0\ARM_GCC_484\Debug\BoxesBLE.a(CyLib.o)
 .bss           0x00000000       0x24 .\CortexM0\ARM_GCC_484\Debug\BoxesBLE.a(CyLib.o)
 .rodata        0x00000000       0x30 .\CortexM0\ARM_GCC_484\Debug\BoxesBLE.a(CyLib.o)
 .text.CySysClkImoStart
                0x00000000       0x1c .\CortexM0\ARM_GCC_484\Debug\BoxesBLE.a(CyLib.o)
 .text.CySysClkImoStop
                0x00000000       0x18 .\CortexM0\ARM_GCC_484\Debug\BoxesBLE.a(CyLib.o)
 .text.CySysClkIloStart
                0x00000000       0x1c .\CortexM0\ARM_GCC_484\Debug\BoxesBLE.a(CyLib.o)
 .text.CySysClkIloStop
                0x00000000       0x64 .\CortexM0\ARM_GCC_484\Debug\BoxesBLE.a(CyLib.o)
 .text.CySysClkIloEnabled
                0x00000000       0x1c .\CortexM0\ARM_GCC_484\Debug\BoxesBLE.a(CyLib.o)
 .text.CySysClkGetLfclkSource
                0x00000000       0x20 .\CortexM0\ARM_GCC_484\Debug\BoxesBLE.a(CyLib.o)
 .text.CySysClkSetLfclkSource
                0x00000000       0x54 .\CortexM0\ARM_GCC_484\Debug\BoxesBLE.a(CyLib.o)
 .text.CySysClkWriteHfclkDirect
                0x00000000       0x44 .\CortexM0\ARM_GCC_484\Debug\BoxesBLE.a(CyLib.o)
 .text.CySysClkWriteSysclkDiv
                0x00000000       0x44 .\CortexM0\ARM_GCC_484\Debug\BoxesBLE.a(CyLib.o)
 .text.CySysClkWriteImoFreq
                0x00000000      0x1e0 .\CortexM0\ARM_GCC_484\Debug\BoxesBLE.a(CyLib.o)
 .text.CySysClkEcoStop
                0x00000000       0x2c .\CortexM0\ARM_GCC_484\Debug\BoxesBLE.a(CyLib.o)
 .text.CySysClkWriteEcoDiv
                0x00000000       0x40 .\CortexM0\ARM_GCC_484\Debug\BoxesBLE.a(CyLib.o)
 .text.CySysClkWcoStop
                0x00000000       0x60 .\CortexM0\ARM_GCC_484\Debug\BoxesBLE.a(CyLib.o)
 .text.CySysClkWcoEnabled
                0x00000000       0x1c .\CortexM0\ARM_GCC_484\Debug\BoxesBLE.a(CyLib.o)
 .text.CySysWdtLock
                0x00000000       0x34 .\CortexM0\ARM_GCC_484\Debug\BoxesBLE.a(CyLib.o)
 .text.CySysWdtLocked
                0x00000000       0x20 .\CortexM0\ARM_GCC_484\Debug\BoxesBLE.a(CyLib.o)
 .text.CySysWdtUnlock
                0x00000000       0x4c .\CortexM0\ARM_GCC_484\Debug\BoxesBLE.a(CyLib.o)
 .text.CySysWdtReadEnabledStatus
                0x00000000       0x30 .\CortexM0\ARM_GCC_484\Debug\BoxesBLE.a(CyLib.o)
 .text.CySysWdtWriteMode
                0x00000000       0x60 .\CortexM0\ARM_GCC_484\Debug\BoxesBLE.a(CyLib.o)
 .text.CySysWdtReadMode
                0x00000000       0x24 .\CortexM0\ARM_GCC_484\Debug\BoxesBLE.a(CyLib.o)
 .text.CySysWdtWriteClearOnMatch
                0x00000000       0x70 .\CortexM0\ARM_GCC_484\Debug\BoxesBLE.a(CyLib.o)
 .text.CySysWdtReadClearOnMatch
                0x00000000       0x40 .\CortexM0\ARM_GCC_484\Debug\BoxesBLE.a(CyLib.o)
 .text.CySysWdtEnable
                0x00000000       0x64 .\CortexM0\ARM_GCC_484\Debug\BoxesBLE.a(CyLib.o)
 .text.CySysWdtDisable
                0x00000000       0x68 .\CortexM0\ARM_GCC_484\Debug\BoxesBLE.a(CyLib.o)
 .text.CySysWdtWriteCascade
                0x00000000       0x58 .\CortexM0\ARM_GCC_484\Debug\BoxesBLE.a(CyLib.o)
 .text.CySysWdtReadCascade
                0x00000000       0x1c .\CortexM0\ARM_GCC_484\Debug\BoxesBLE.a(CyLib.o)
 .text.CySysWdtWriteMatch
                0x00000000       0x90 .\CortexM0\ARM_GCC_484\Debug\BoxesBLE.a(CyLib.o)
 .text.CySysWdtWriteToggleBit
                0x00000000       0x44 .\CortexM0\ARM_GCC_484\Debug\BoxesBLE.a(CyLib.o)
 .text.CySysWdtReadToggleBit
                0x00000000       0x18 .\CortexM0\ARM_GCC_484\Debug\BoxesBLE.a(CyLib.o)
 .text.CySysWdtReadMatch
                0x00000000       0x44 .\CortexM0\ARM_GCC_484\Debug\BoxesBLE.a(CyLib.o)
 .text.CySysWdtReadCount
                0x00000000       0x54 .\CortexM0\ARM_GCC_484\Debug\BoxesBLE.a(CyLib.o)
 .text.CySysWdtGetInterruptSource
                0x00000000       0x1c .\CortexM0\ARM_GCC_484\Debug\BoxesBLE.a(CyLib.o)
 .text.CySysWdtClearInterrupt
                0x00000000       0x6c .\CortexM0\ARM_GCC_484\Debug\BoxesBLE.a(CyLib.o)
 .text.CySysWdtResetCounters
                0x00000000       0x28 .\CortexM0\ARM_GCC_484\Debug\BoxesBLE.a(CyLib.o)
 .text.CySysClkLfclkPosedgeCatch
                0x00000000       0x9c .\CortexM0\ARM_GCC_484\Debug\BoxesBLE.a(CyLib.o)
 .text.CySysClkLfclkPosedgeRestore
                0x00000000       0x3c .\CortexM0\ARM_GCC_484\Debug\BoxesBLE.a(CyLib.o)
 .text.CySysLvdEnable
                0x00000000       0x48 .\CortexM0\ARM_GCC_484\Debug\BoxesBLE.a(CyLib.o)
 .text.CySysLvdDisable
                0x00000000       0x28 .\CortexM0\ARM_GCC_484\Debug\BoxesBLE.a(CyLib.o)
 .text.CySysLvdGetInterruptSource
                0x00000000       0x18 .\CortexM0\ARM_GCC_484\Debug\BoxesBLE.a(CyLib.o)
 .text.CySysLvdClearInterrupt
                0x00000000       0x14 .\CortexM0\ARM_GCC_484\Debug\BoxesBLE.a(CyLib.o)
 .text.CySysGetResetReason
                0x00000000       0x30 .\CortexM0\ARM_GCC_484\Debug\BoxesBLE.a(CyLib.o)
 .text.CyDisableInts
                0x00000000       0x24 .\CortexM0\ARM_GCC_484\Debug\BoxesBLE.a(CyLib.o)
 .text.CyEnableInts
                0x00000000       0x18 .\CortexM0\ARM_GCC_484\Debug\BoxesBLE.a(CyLib.o)
 .text.CyIntSetSysVector
                0x00000000       0x48 .\CortexM0\ARM_GCC_484\Debug\BoxesBLE.a(CyLib.o)
 .text.CyIntGetSysVector
                0x00000000       0x34 .\CortexM0\ARM_GCC_484\Debug\BoxesBLE.a(CyLib.o)
 .text.CyIntSetVector
                0x00000000       0x4c .\CortexM0\ARM_GCC_484\Debug\BoxesBLE.a(CyLib.o)
 .text.CyIntGetVector
                0x00000000       0x38 .\CortexM0\ARM_GCC_484\Debug\BoxesBLE.a(CyLib.o)
 .text.CyIntSetPriority
                0x00000000       0xa8 .\CortexM0\ARM_GCC_484\Debug\BoxesBLE.a(CyLib.o)
 .text.CyIntGetPriority
                0x00000000       0x58 .\CortexM0\ARM_GCC_484\Debug\BoxesBLE.a(CyLib.o)
 .text.CyIntEnable
                0x00000000       0x2c .\CortexM0\ARM_GCC_484\Debug\BoxesBLE.a(CyLib.o)
 .text.CyIntGetState
                0x00000000       0x34 .\CortexM0\ARM_GCC_484\Debug\BoxesBLE.a(CyLib.o)
 .text.CyIntDisable
                0x00000000       0x2c .\CortexM0\ARM_GCC_484\Debug\BoxesBLE.a(CyLib.o)
 .text.CyIntSetPending
                0x00000000       0x2c .\CortexM0\ARM_GCC_484\Debug\BoxesBLE.a(CyLib.o)
 .text.CyIntClearPending
                0x00000000       0x2c .\CortexM0\ARM_GCC_484\Debug\BoxesBLE.a(CyLib.o)
 .text.CySoftwareReset
                0x00000000       0x20 .\CortexM0\ARM_GCC_484\Debug\BoxesBLE.a(CyLib.o)
 .text.CyDelayFreq
                0x00000000       0x80 .\CortexM0\ARM_GCC_484\Debug\BoxesBLE.a(CyLib.o)
 .text.CySysTickStart
                0x00000000       0x24 .\CortexM0\ARM_GCC_484\Debug\BoxesBLE.a(CyLib.o)
 .text.CySysTickInit
                0x00000000       0x64 .\CortexM0\ARM_GCC_484\Debug\BoxesBLE.a(CyLib.o)
 .text.CySysTickEnable
                0x00000000       0x1c .\CortexM0\ARM_GCC_484\Debug\BoxesBLE.a(CyLib.o)
 .text.CySysTickStop
                0x00000000       0x18 .\CortexM0\ARM_GCC_484\Debug\BoxesBLE.a(CyLib.o)
 .text.CySysTickEnableInterrupt
                0x00000000       0x18 .\CortexM0\ARM_GCC_484\Debug\BoxesBLE.a(CyLib.o)
 .text.CySysTickDisableInterrupt
                0x00000000       0x18 .\CortexM0\ARM_GCC_484\Debug\BoxesBLE.a(CyLib.o)
 .text.CySysTickSetReload
                0x00000000       0x1c .\CortexM0\ARM_GCC_484\Debug\BoxesBLE.a(CyLib.o)
 .text.CySysTickGetReload
                0x00000000       0x18 .\CortexM0\ARM_GCC_484\Debug\BoxesBLE.a(CyLib.o)
 .text.CySysTickGetValue
                0x00000000       0x1c .\CortexM0\ARM_GCC_484\Debug\BoxesBLE.a(CyLib.o)
 .text.CySysTickSetClockSource
                0x00000000       0x34 .\CortexM0\ARM_GCC_484\Debug\BoxesBLE.a(CyLib.o)
 .text.CySysTickGetCountFlag
                0x00000000       0x18 .\CortexM0\ARM_GCC_484\Debug\BoxesBLE.a(CyLib.o)
 .text.CySysTickClear
                0x00000000       0x14 .\CortexM0\ARM_GCC_484\Debug\BoxesBLE.a(CyLib.o)
 .text.CySysTickSetCallback
                0x00000000       0x2c .\CortexM0\ARM_GCC_484\Debug\BoxesBLE.a(CyLib.o)
 .text.CySysTickGetCallback
                0x00000000       0x1c .\CortexM0\ARM_GCC_484\Debug\BoxesBLE.a(CyLib.o)
 .text.CySysTickServiceCallbacks
                0x00000000       0x44 .\CortexM0\ARM_GCC_484\Debug\BoxesBLE.a(CyLib.o)
 .text          0x00000000        0x0 .\CortexM0\ARM_GCC_484\Debug\BoxesBLE.a(LED.o)
 .data          0x00000000        0x0 .\CortexM0\ARM_GCC_484\Debug\BoxesBLE.a(LED.o)
 .bss           0x00000000        0x0 .\CortexM0\ARM_GCC_484\Debug\BoxesBLE.a(LED.o)
 .text.LED_SetDriveMode
                0x00000000       0x30 .\CortexM0\ARM_GCC_484\Debug\BoxesBLE.a(LED.o)
 .text.LED_Read
                0x00000000       0x1c .\CortexM0\ARM_GCC_484\Debug\BoxesBLE.a(LED.o)
 .text.LED_ReadDataReg
                0x00000000       0x1c .\CortexM0\ARM_GCC_484\Debug\BoxesBLE.a(LED.o)
 .text.LED_ClearInterrupt
                0x00000000       0x30 .\CortexM0\ARM_GCC_484\Debug\BoxesBLE.a(LED.o)
 .text          0x00000000       0x9c c:/program files (x86)/cypress/psoc creator/3.1/psoc creator/import/gnu_cs/arm/4.8.4/bin/../lib/gcc/arm-none-eabi/4.8.4/armv6-m\libgcc.a(_udivsi3.o)
 .data          0x00000000        0x0 c:/program files (x86)/cypress/psoc creator/3.1/psoc creator/import/gnu_cs/arm/4.8.4/bin/../lib/gcc/arm-none-eabi/4.8.4/armv6-m\libgcc.a(_udivsi3.o)
 .bss           0x00000000        0x0 c:/program files (x86)/cypress/psoc creator/3.1/psoc creator/import/gnu_cs/arm/4.8.4/bin/../lib/gcc/arm-none-eabi/4.8.4/armv6-m\libgcc.a(_udivsi3.o)
 .text          0x00000000       0xc0 c:/program files (x86)/cypress/psoc creator/3.1/psoc creator/import/gnu_cs/arm/4.8.4/bin/../lib/gcc/arm-none-eabi/4.8.4/armv6-m\libgcc.a(_divsi3.o)
 .data          0x00000000        0x0 c:/program files (x86)/cypress/psoc creator/3.1/psoc creator/import/gnu_cs/arm/4.8.4/bin/../lib/gcc/arm-none-eabi/4.8.4/armv6-m\libgcc.a(_divsi3.o)
 .bss           0x00000000        0x0 c:/program files (x86)/cypress/psoc creator/3.1/psoc creator/import/gnu_cs/arm/4.8.4/bin/../lib/gcc/arm-none-eabi/4.8.4/armv6-m\libgcc.a(_divsi3.o)
 .text          0x00000000        0x4 c:/program files (x86)/cypress/psoc creator/3.1/psoc creator/import/gnu_cs/arm/4.8.4/bin/../lib/gcc/arm-none-eabi/4.8.4/armv6-m\libgcc.a(_dvmd_tls.o)
 .data          0x00000000        0x0 c:/program files (x86)/cypress/psoc creator/3.1/psoc creator/import/gnu_cs/arm/4.8.4/bin/../lib/gcc/arm-none-eabi/4.8.4/armv6-m\libgcc.a(_dvmd_tls.o)
 .bss           0x00000000        0x0 c:/program files (x86)/cypress/psoc creator/3.1/psoc creator/import/gnu_cs/arm/4.8.4/bin/../lib/gcc/arm-none-eabi/4.8.4/armv6-m\libgcc.a(_dvmd_tls.o)
 .text          0x00000000        0x0 c:/program files (x86)/cypress/psoc creator/3.1/psoc creator/import/gnu_cs/arm/4.8.4/bin/../lib/gcc/arm-none-eabi/4.8.4/../../../../arm-none-eabi/lib/armv6-m\libg_s.a(lib_a-errno.o)
 .data          0x00000000        0x0 c:/program files (x86)/cypress/psoc creator/3.1/psoc creator/import/gnu_cs/arm/4.8.4/bin/../lib/gcc/arm-none-eabi/4.8.4/../../../../arm-none-eabi/lib/armv6-m\libg_s.a(lib_a-errno.o)
 .bss           0x00000000        0x0 c:/program files (x86)/cypress/psoc creator/3.1/psoc creator/import/gnu_cs/arm/4.8.4/bin/../lib/gcc/arm-none-eabi/4.8.4/../../../../arm-none-eabi/lib/armv6-m\libg_s.a(lib_a-errno.o)
 .text.__errno  0x00000000        0xc c:/program files (x86)/cypress/psoc creator/3.1/psoc creator/import/gnu_cs/arm/4.8.4/bin/../lib/gcc/arm-none-eabi/4.8.4/../../../../arm-none-eabi/lib/armv6-m\libg_s.a(lib_a-errno.o)
 .text          0x00000000        0x0 c:/program files (x86)/cypress/psoc creator/3.1/psoc creator/import/gnu_cs/arm/4.8.4/bin/../lib/gcc/arm-none-eabi/4.8.4/../../../../arm-none-eabi/lib/armv6-m\libg_s.a(lib_a-exit.o)
 .data          0x00000000        0x0 c:/program files (x86)/cypress/psoc creator/3.1/psoc creator/import/gnu_cs/arm/4.8.4/bin/../lib/gcc/arm-none-eabi/4.8.4/../../../../arm-none-eabi/lib/armv6-m\libg_s.a(lib_a-exit.o)
 .bss           0x00000000        0x0 c:/program files (x86)/cypress/psoc creator/3.1/psoc creator/import/gnu_cs/arm/4.8.4/bin/../lib/gcc/arm-none-eabi/4.8.4/../../../../arm-none-eabi/lib/armv6-m\libg_s.a(lib_a-exit.o)
 .text.exit     0x00000000       0x2c c:/program files (x86)/cypress/psoc creator/3.1/psoc creator/import/gnu_cs/arm/4.8.4/bin/../lib/gcc/arm-none-eabi/4.8.4/../../../../arm-none-eabi/lib/armv6-m\libg_s.a(lib_a-exit.o)
 .text          0x00000000        0x0 c:/program files (x86)/cypress/psoc creator/3.1/psoc creator/import/gnu_cs/arm/4.8.4/bin/../lib/gcc/arm-none-eabi/4.8.4/../../../../arm-none-eabi/lib/armv6-m\libg_s.a(lib_a-impure.o)
 .data          0x00000000        0x0 c:/program files (x86)/cypress/psoc creator/3.1/psoc creator/import/gnu_cs/arm/4.8.4/bin/../lib/gcc/arm-none-eabi/4.8.4/../../../../arm-none-eabi/lib/armv6-m\libg_s.a(lib_a-impure.o)
 .bss           0x00000000        0x0 c:/program files (x86)/cypress/psoc creator/3.1/psoc creator/import/gnu_cs/arm/4.8.4/bin/../lib/gcc/arm-none-eabi/4.8.4/../../../../arm-none-eabi/lib/armv6-m\libg_s.a(lib_a-impure.o)
 .data.impure_data
                0x00000000       0x60 c:/program files (x86)/cypress/psoc creator/3.1/psoc creator/import/gnu_cs/arm/4.8.4/bin/../lib/gcc/arm-none-eabi/4.8.4/../../../../arm-none-eabi/lib/armv6-m\libg_s.a(lib_a-impure.o)
 .data._impure_ptr
                0x00000000        0x4 c:/program files (x86)/cypress/psoc creator/3.1/psoc creator/import/gnu_cs/arm/4.8.4/bin/../lib/gcc/arm-none-eabi/4.8.4/../../../../arm-none-eabi/lib/armv6-m\libg_s.a(lib_a-impure.o)
 .rodata.str1.1
                0x00000000        0x2 c:/program files (x86)/cypress/psoc creator/3.1/psoc creator/import/gnu_cs/arm/4.8.4/bin/../lib/gcc/arm-none-eabi/4.8.4/../../../../arm-none-eabi/lib/armv6-m\libg_s.a(lib_a-impure.o)
 .rodata._global_impure_ptr
                0x00000000        0x4 c:/program files (x86)/cypress/psoc creator/3.1/psoc creator/import/gnu_cs/arm/4.8.4/bin/../lib/gcc/arm-none-eabi/4.8.4/../../../../arm-none-eabi/lib/armv6-m\libg_s.a(lib_a-impure.o)
 .text          0x00000000        0x0 c:/program files (x86)/cypress/psoc creator/3.1/psoc creator/import/gnu_cs/arm/4.8.4/bin/../lib/gcc/arm-none-eabi/4.8.4/../../../../arm-none-eabi/lib/armv6-m\libg_s.a(lib_a-init.o)
 .data          0x00000000        0x0 c:/program files (x86)/cypress/psoc creator/3.1/psoc creator/import/gnu_cs/arm/4.8.4/bin/../lib/gcc/arm-none-eabi/4.8.4/../../../../arm-none-eabi/lib/armv6-m\libg_s.a(lib_a-init.o)
 .bss           0x00000000        0x0 c:/program files (x86)/cypress/psoc creator/3.1/psoc creator/import/gnu_cs/arm/4.8.4/bin/../lib/gcc/arm-none-eabi/4.8.4/../../../../arm-none-eabi/lib/armv6-m\libg_s.a(lib_a-init.o)
 .text          0x00000000        0x0 c:/program files (x86)/cypress/psoc creator/3.1/psoc creator/import/gnu_cs/arm/4.8.4/bin/../lib/gcc/arm-none-eabi/4.8.4/../../../../arm-none-eabi/lib/armv6-m\libg_s.a(lib_a-memcpy-stub.o)
 .data          0x00000000        0x0 c:/program files (x86)/cypress/psoc creator/3.1/psoc creator/import/gnu_cs/arm/4.8.4/bin/../lib/gcc/arm-none-eabi/4.8.4/../../../../arm-none-eabi/lib/armv6-m\libg_s.a(lib_a-memcpy-stub.o)
 .bss           0x00000000        0x0 c:/program files (x86)/cypress/psoc creator/3.1/psoc creator/import/gnu_cs/arm/4.8.4/bin/../lib/gcc/arm-none-eabi/4.8.4/../../../../arm-none-eabi/lib/armv6-m\libg_s.a(lib_a-memcpy-stub.o)
 .text          0x00000000        0x0 c:/program files (x86)/cypress/psoc creator/3.1/psoc creator/import/gnu_cs/arm/4.8.4/bin/../lib/gcc/arm-none-eabi/4.8.4/../../../../arm-none-eabi/lib/armv6-m\libg_s.a(lib_a-memset.o)
 .data          0x00000000        0x0 c:/program files (x86)/cypress/psoc creator/3.1/psoc creator/import/gnu_cs/arm/4.8.4/bin/../lib/gcc/arm-none-eabi/4.8.4/../../../../arm-none-eabi/lib/armv6-m\libg_s.a(lib_a-memset.o)
 .bss           0x00000000        0x0 c:/program files (x86)/cypress/psoc creator/3.1/psoc creator/import/gnu_cs/arm/4.8.4/bin/../lib/gcc/arm-none-eabi/4.8.4/../../../../arm-none-eabi/lib/armv6-m\libg_s.a(lib_a-memset.o)
 .text          0x00000000        0x0 c:/program files (x86)/cypress/psoc creator/3.1/psoc creator/import/gnu_cs/arm/4.8.4/bin/../lib/gcc/arm-none-eabi/4.8.4/armv6-m/crtend.o
 .data          0x00000000        0x0 c:/program files (x86)/cypress/psoc creator/3.1/psoc creator/import/gnu_cs/arm/4.8.4/bin/../lib/gcc/arm-none-eabi/4.8.4/armv6-m/crtend.o
 .bss           0x00000000        0x0 c:/program files (x86)/cypress/psoc creator/3.1/psoc creator/import/gnu_cs/arm/4.8.4/bin/../lib/gcc/arm-none-eabi/4.8.4/armv6-m/crtend.o
 .text          0x00000000        0x0 c:/program files (x86)/cypress/psoc creator/3.1/psoc creator/import/gnu_cs/arm/4.8.4/bin/../lib/gcc/arm-none-eabi/4.8.4/armv6-m/crtn.o
 .data          0x00000000        0x0 c:/program files (x86)/cypress/psoc creator/3.1/psoc creator/import/gnu_cs/arm/4.8.4/bin/../lib/gcc/arm-none-eabi/4.8.4/armv6-m/crtn.o
 .bss           0x00000000        0x0 c:/program files (x86)/cypress/psoc creator/3.1/psoc creator/import/gnu_cs/arm/4.8.4/bin/../lib/gcc/arm-none-eabi/4.8.4/armv6-m/crtn.o

Memory Configuration

Name             Origin             Length             Attributes
rom              0x00000000         0x00020000         xr
ram              0x20000000         0x00004000         xrw
*default*        0x00000000         0xffffffff

Linker script and memory map

LOAD c:/program files (x86)/cypress/psoc creator/3.1/psoc creator/import/gnu_cs/arm/4.8.4/bin/../lib/gcc/arm-none-eabi/4.8.4/armv6-m/crti.o
LOAD c:/program files (x86)/cypress/psoc creator/3.1/psoc creator/import/gnu_cs/arm/4.8.4/bin/../lib/gcc/arm-none-eabi/4.8.4/armv6-m/crtbegin.o
LOAD c:/program files (x86)/cypress/psoc creator/3.1/psoc creator/import/gnu_cs/arm/4.8.4/bin/../lib/gcc/arm-none-eabi/4.8.4/../../../../arm-none-eabi/lib/armv6-m/crt0.o
START GROUP
LOAD .\CortexM0\ARM_GCC_484\Debug\main.o
LOAD .\CortexM0\ARM_GCC_484\Debug\cymetadata.o
LOAD .\CortexM0\ARM_GCC_484\Debug\Cm0Start.o
LOAD .\CortexM0\ARM_GCC_484\Debug\BoxesBLE.a
LOAD C:\Program Files (x86)\Cypress\PSoC Creator\3.1\PSoC Creator\psoc\content\cycomponentlibrary\CyComponentLibrary.cylib\CortexM0\ARM_GCC_484\Debug\CyComponentLibrary.a
END GROUP
START GROUP
LOAD c:/program files (x86)/cypress/psoc creator/3.1/psoc creator/import/gnu_cs/arm/4.8.4/bin/../lib/gcc/arm-none-eabi/4.8.4/armv6-m\libgcc.a
LOAD c:/program files (x86)/cypress/psoc creator/3.1/psoc creator/import/gnu_cs/arm/4.8.4/bin/../lib/gcc/arm-none-eabi/4.8.4/../../../../arm-none-eabi/lib/armv6-m\libg_s.a
LOAD c:/program files (x86)/cypress/psoc creator/3.1/psoc creator/import/gnu_cs/arm/4.8.4/bin/../lib/gcc/arm-none-eabi/4.8.4/../../../../arm-none-eabi/lib/armv6-m\libc_s.a
END GROUP
START GROUP
LOAD c:/program files (x86)/cypress/psoc creator/3.1/psoc creator/import/gnu_cs/arm/4.8.4/bin/../lib/gcc/arm-none-eabi/4.8.4/armv6-m\libgcc.a
LOAD c:/program files (x86)/cypress/psoc creator/3.1/psoc creator/import/gnu_cs/arm/4.8.4/bin/../lib/gcc/arm-none-eabi/4.8.4/../../../../arm-none-eabi/lib/armv6-m\libc_s.a
END GROUP
LOAD c:/program files (x86)/cypress/psoc creator/3.1/psoc creator/import/gnu_cs/arm/4.8.4/bin/../lib/gcc/arm-none-eabi/4.8.4/armv6-m/crtend.o
LOAD c:/program files (x86)/cypress/psoc creator/3.1/psoc creator/import/gnu_cs/arm/4.8.4/bin/../lib/gcc/arm-none-eabi/4.8.4/armv6-m/crtn.o
START GROUP
LOAD c:/program files (x86)/cypress/psoc creator/3.1/psoc creator/import/gnu_cs/arm/4.8.4/bin/../lib/gcc/arm-none-eabi/4.8.4/armv6-m\libgcc.a
LOAD c:/program files (x86)/cypress/psoc creator/3.1/psoc creator/import/gnu_cs/arm/4.8.4/bin/../lib/gcc/arm-none-eabi/4.8.4/../../../../arm-none-eabi/lib/armv6-m\libc.a
LOAD c:/program files (x86)/cypress/psoc creator/3.1/psoc creator/import/gnu_cs/arm/4.8.4/bin/../lib/gcc/arm-none-eabi/4.8.4/../../../../arm-none-eabi/lib/armv6-m\libnosys.a
END GROUP
                0x00000000                CY_APPL_ORIGIN = 0x0
                0x00000080                CY_FLASH_ROW_SIZE = 0x80
                0x00000001                CY_APPL_NUM = 0x1
                0x00000040                CY_METADATA_SIZE = 0x40
                0x20000100                PROVIDE (__cy_heap_start, _end)
                0x00000001                PROVIDE (__cy_region_num, ((__cy_regions_end - __cy_regions) / 0x10))
                0x20004000                PROVIDE (__cy_stack, (ORIGIN (ram) + 0x4000))
                0x20003800                PROVIDE (__cy_heap_end, (__cy_stack - 0x800))

.cybootloader   0x00000000        0x0
 *(.cybootloader)
                0x00000000                appl1_start = CY_APPL_ORIGIN?CY_APPL_ORIGIN:ALIGN (CY_FLASH_ROW_SIZE)
                0x0000ff80                appl2_start = (appl1_start + ALIGN ((((0x20000 - appl1_start) - (0x2 * CY_FLASH_ROW_SIZE)) / 0x2), CY_FLASH_ROW_SIZE))
                0x00000000                appl_start = (CY_APPL_NUM == 0x1)?appl1_start:appl2_start

.text           0x00000000      0xa5e
 CREATE_OBJECT_SYMBOLS
                0x00000000                PROVIDE (__cy_interrupt_vector, RomVectors)
 *(.romvectors)
 .romvectors    0x00000000       0x10 .\CortexM0\ARM_GCC_484\Debug\Cm0Start.o
                0x00000000                RomVectors
                0x00000001                ASSERT ((. != __cy_interrupt_vector), No interrupt vector)
                0x00000001                ASSERT (CY_APPL_ORIGIN?(SIZEOF (.cybootloader) <= CY_APPL_ORIGIN):0x1, Wrong image location)
                0x00000010                PROVIDE (__cy_reset, Reset)
 *(.text.Reset)
 .text.Reset    0x00000010        0x8 .\CortexM0\ARM_GCC_484\Debug\Cm0Start.o
                0x00000010                Reset
                0x00000001                ASSERT ((. != __cy_reset), No reset code)
 *(.psocinit)
 .psocinit      0x00000018      0x374 .\CortexM0\ARM_GCC_484\Debug\BoxesBLE.a(cyfitter_cfg.o)
                0x00000194                cyfitter_cfg
                0x0000038c                . = MAX (., 0x100)
 *(.text .text.* .gnu.linkonce.t.*)
 .text          0x0000038c       0x60 c:/program files (x86)/cypress/psoc creator/3.1/psoc creator/import/gnu_cs/arm/4.8.4/bin/../lib/gcc/arm-none-eabi/4.8.4/armv6-m/crtbegin.o
 .text.main     0x000003ec       0x44 .\CortexM0\ARM_GCC_484\Debug\main.o
                0x000003ec                main
 .text.IntDefaultHandler
                0x00000430        0x8 .\CortexM0\ARM_GCC_484\Debug\Cm0Start.o
                0x00000430                IntDefaultHandler
 .text.Start_c  0x00000438       0x98 .\CortexM0\ARM_GCC_484\Debug\Cm0Start.o
                0x00000438                Start_c
 .text.initialize_psoc
                0x000004d0       0x70 .\CortexM0\ARM_GCC_484\Debug\Cm0Start.o
                0x000004d0                initialize_psoc
 .text.CYMEMZERO
                0x00000540       0x20 .\CortexM0\ARM_GCC_484\Debug\BoxesBLE.a(cyfitter_cfg.o)
 .text.CYCONFIGCPYCODE
                0x00000560       0x24 .\CortexM0\ARM_GCC_484\Debug\BoxesBLE.a(cyfitter_cfg.o)
 .text.cfg_write_bytes32
                0x00000584       0x80 .\CortexM0\ARM_GCC_484\Debug\BoxesBLE.a(cyfitter_cfg.o)
 .text.AnalogSetDefault
                0x00000604       0x28 .\CortexM0\ARM_GCC_484\Debug\BoxesBLE.a(cyfitter_cfg.o)
 .text.UART_1_Start
                0x0000062c       0x24 .\CortexM0\ARM_GCC_484\Debug\BoxesBLE.a(UART_1.o)
                0x0000062c                UART_1_Start
 .text.UART_1_Init
                0x00000650       0x1c .\CortexM0\ARM_GCC_484\Debug\BoxesBLE.a(UART_1.o)
                0x00000650                UART_1_Init
 .text.UART_1_Enable
                0x0000066c       0x50 .\CortexM0\ARM_GCC_484\Debug\BoxesBLE.a(UART_1.o)
                0x0000066c                UART_1_Enable
 .text.UART_1_ReadControlRegister
                0x000006bc       0x14 .\CortexM0\ARM_GCC_484\Debug\BoxesBLE.a(UART_1.o)
                0x000006bc                UART_1_ReadControlRegister
 .text.UART_1_WriteControlRegister
                0x000006d0       0x20 .\CortexM0\ARM_GCC_484\Debug\BoxesBLE.a(UART_1.o)
                0x000006d0                UART_1_WriteControlRegister
 .text.UART_1_GetChar
                0x000006f0       0x4c .\CortexM0\ARM_GCC_484\Debug\BoxesBLE.a(UART_1.o)
                0x000006f0                UART_1_GetChar
 .text.UART_1_LoadRxConfig
                0x0000073c       0x24 .\CortexM0\ARM_GCC_484\Debug\BoxesBLE.a(UART_1.o)
                0x0000073c                UART_1_LoadRxConfig
 .text.UART_1_IntClock_StartEx
                0x00000760       0x2c .\CortexM0\ARM_GCC_484\Debug\BoxesBLE.a(UART_1_IntClock.o)
                0x00000760                UART_1_IntClock_StartEx
 *fill*         0x0000078c        0x4 
 .text          0x00000790       0x20 .\CortexM0\ARM_GCC_484\Debug\BoxesBLE.a(CyBootAsmGnu.o)
                0x00000790                CyDelayCycles
                0x000007a2                CyEnterCriticalSection
                0x000007aa                CyExitCriticalSection
 .text.CySysClkWcoSetHighPowerMode
                0x000007b0       0x3c .\CortexM0\ARM_GCC_484\Debug\BoxesBLE.a(CyLib.o)
 .text.CySysClkWcoSetLowPowerMode
                0x000007ec       0x48 .\CortexM0\ARM_GCC_484\Debug\BoxesBLE.a(CyLib.o)
 .text.CySysClkEcoStart
                0x00000834       0x74 .\CortexM0\ARM_GCC_484\Debug\BoxesBLE.a(CyLib.o)
                0x00000834                CySysClkEcoStart
 .text.CySysClkEcoReadStatus
                0x000008a8       0x18 .\CortexM0\ARM_GCC_484\Debug\BoxesBLE.a(CyLib.o)
                0x000008a8                CySysClkEcoReadStatus
 .text.CySysClkWcoStart
                0x000008c0       0x20 .\CortexM0\ARM_GCC_484\Debug\BoxesBLE.a(CyLib.o)
                0x000008c0                CySysClkWcoStart
 .text.CySysClkWcoSetPowerMode
                0x000008e0       0x40 .\CortexM0\ARM_GCC_484\Debug\BoxesBLE.a(CyLib.o)
                0x000008e0                CySysClkWcoSetPowerMode
 .text.CyHalt   0x00000920       0x14 .\CortexM0\ARM_GCC_484\Debug\BoxesBLE.a(CyLib.o)
                0x00000920                CyHalt
 .text.CyDelay  0x00000934       0x48 .\CortexM0\ARM_GCC_484\Debug\BoxesBLE.a(CyLib.o)
                0x00000934                CyDelay
 .text.CyDelayUs
                0x0000097c       0x28 .\CortexM0\ARM_GCC_484\Debug\BoxesBLE.a(CyLib.o)
                0x0000097c                CyDelayUs
 .text.LED_Write
                0x000009a4       0x4c .\CortexM0\ARM_GCC_484\Debug\BoxesBLE.a(LED.o)
                0x000009a4                LED_Write
 .text.__libc_init_array
                0x000009f0       0x4c c:/program files (x86)/cypress/psoc creator/3.1/psoc creator/import/gnu_cs/arm/4.8.4/bin/../lib/gcc/arm-none-eabi/4.8.4/../../../../arm-none-eabi/lib/armv6-m\libg_s.a(lib_a-init.o)
                0x000009f0                __libc_init_array
 .text.memcpy   0x00000a3c       0x12 c:/program files (x86)/cypress/psoc creator/3.1/psoc creator/import/gnu_cs/arm/4.8.4/bin/../lib/gcc/arm-none-eabi/4.8.4/../../../../arm-none-eabi/lib/armv6-m\libg_s.a(lib_a-memcpy-stub.o)
                0x00000a3c                memcpy
 .text.memset   0x00000a4e       0x10 c:/program files (x86)/cypress/psoc creator/3.1/psoc creator/import/gnu_cs/arm/4.8.4/bin/../lib/gcc/arm-none-eabi/4.8.4/../../../../arm-none-eabi/lib/armv6-m\libg_s.a(lib_a-memset.o)
                0x00000a4e                memset
 *(.plt)
 *(.gnu.warning)
 *(.glue_7t)
 .glue_7t       0x00000000        0x0 linker stubs
 *(.glue_7)
 .glue_7        0x00000000        0x0 linker stubs
 *(.vfp11_veneer)
 .vfp11_veneer  0x00000000        0x0 linker stubs
 *(.bootloader)
 *(.ARM.extab* .gnu.linkonce.armextab.*)
 *(.gcc_except_table)

.v4_bx          0x00000a60        0x0
 .v4_bx         0x00000000        0x0 linker stubs

.iplt           0x00000a60        0x0
 .iplt          0x00000000        0x0 c:/program files (x86)/cypress/psoc creator/3.1/psoc creator/import/gnu_cs/arm/4.8.4/bin/../lib/gcc/arm-none-eabi/4.8.4/armv6-m/crtbegin.o

.eh_frame_hdr
 *(.eh_frame_hdr)

.eh_frame       0x00000a60        0x4
 *(.eh_frame)
 .eh_frame      0x00000a60        0x0 c:/program files (x86)/cypress/psoc creator/3.1/psoc creator/import/gnu_cs/arm/4.8.4/bin/../lib/gcc/arm-none-eabi/4.8.4/armv6-m/crtbegin.o
 .eh_frame      0x00000a60        0x4 c:/program files (x86)/cypress/psoc creator/3.1/psoc creator/import/gnu_cs/arm/4.8.4/bin/../lib/gcc/arm-none-eabi/4.8.4/armv6-m/crtend.o
                0x00000a64                PROVIDE (__exidx_start, .)

.ARM.exidx
 *(.ARM.exidx* .gnu.linkonce.armexidx.*)
                0x00000a64                __exidx_end = .

.rodata         0x00000a64      0x32c
 *(.rodata .rodata.* .gnu.linkonce.r.*)
 .rodata        0x00000a64      0x2f8 .\CortexM0\ARM_GCC_484\Debug\BoxesBLE.a(cyfitter_cfg.o)
                0x00000d5c                . = ALIGN (0x4)
 *(.init)
 .init          0x00000d5c        0x4 c:/program files (x86)/cypress/psoc creator/3.1/psoc creator/import/gnu_cs/arm/4.8.4/bin/../lib/gcc/arm-none-eabi/4.8.4/armv6-m/crti.o
                0x00000d5c                _init
 .init          0x00000d60        0x8 c:/program files (x86)/cypress/psoc creator/3.1/psoc creator/import/gnu_cs/arm/4.8.4/bin/../lib/gcc/arm-none-eabi/4.8.4/armv6-m/crtn.o
                0x00000d68                . = ALIGN (0x4)
                0x00000d68                __preinit_array_start = .
 *(.preinit_array)
                0x00000d68                __preinit_array_end = .
                0x00000d68                . = ALIGN (0x4)
                0x00000d68                __init_array_start = .
 *(SORT(.init_array.*))
 *(.init_array)
 .init_array    0x00000d68        0x4 c:/program files (x86)/cypress/psoc creator/3.1/psoc creator/import/gnu_cs/arm/4.8.4/bin/../lib/gcc/arm-none-eabi/4.8.4/armv6-m/crtbegin.o
 .init_array    0x00000d6c        0x4 .\CortexM0\ARM_GCC_484\Debug\Cm0Start.o
                0x00000d70                __init_array_end = .
                0x00000d70                . = ALIGN (0x4)
 *(.fini)
 .fini          0x00000d70        0x4 c:/program files (x86)/cypress/psoc creator/3.1/psoc creator/import/gnu_cs/arm/4.8.4/bin/../lib/gcc/arm-none-eabi/4.8.4/armv6-m/crti.o
                0x00000d70                _fini
 .fini          0x00000d74        0x8 c:/program files (x86)/cypress/psoc creator/3.1/psoc creator/import/gnu_cs/arm/4.8.4/bin/../lib/gcc/arm-none-eabi/4.8.4/armv6-m/crtn.o
                0x00000d7c                . = ALIGN (0x4)
                0x00000d7c                __fini_array_start = .
 *(.fini_array)
 .fini_array    0x00000d7c        0x4 c:/program files (x86)/cypress/psoc creator/3.1/psoc creator/import/gnu_cs/arm/4.8.4/bin/../lib/gcc/arm-none-eabi/4.8.4/armv6-m/crtbegin.o
 *(SORT(.fini_array.*))
                0x00000d80                __fini_array_end = .
                0x00000d80                . = ALIGN (0x4)
 *crtbegin.o(.ctors)
 *(EXCLUDE_FILE(*crtend.o) .ctors)
 *(SORT(.ctors.*))
 *crtend.o(.ctors)
                0x00000d80                . = ALIGN (0x4)
 *crtbegin.o(.dtors)
 *(EXCLUDE_FILE(*crtend.o) .dtors)
 *(SORT(.dtors.*))
 *crtend.o(.dtors)
                0x00000d80                . = ALIGN (0x4)
                0x00000d80                __cy_regions = .
                0x00000d80        0x4 LONG 0xd90 __cy_region_init_ram
                0x00000d84        0x4 LONG 0x200000c8 __cy_region_start_data
                0x00000d88        0x4 LONG 0x18 __cy_region_init_size_ram
                0x00000d8c        0x4 LONG 0x20 __cy_region_zero_size_ram
                0x00000d90                __cy_regions_end = .
                0x00000d90                . = ALIGN (0x8)
                0x00000d90                _etext = .

.ramvectors     0x20000000       0xc0
                0x20000000                __cy_region_start_ram = .
 *(.ramvectors)
 .ramvectors    0x20000000       0xc0 .\CortexM0\ARM_GCC_484\Debug\Cm0Start.o
                0x20000000                CyRamVectors

.noinit         0x200000c0        0x4
 *(.noinit)
 .noinit        0x200000c0        0x4 .\CortexM0\ARM_GCC_484\Debug\Cm0Start.o

.data           0x200000c8       0x18 load address 0x00000d90
                0x200000c8                __cy_region_start_data = .
 *(.jcr)
 .jcr           0x200000c8        0x0 c:/program files (x86)/cypress/psoc creator/3.1/psoc creator/import/gnu_cs/arm/4.8.4/bin/../lib/gcc/arm-none-eabi/4.8.4/armv6-m/crtbegin.o
 .jcr           0x200000c8        0x4 c:/program files (x86)/cypress/psoc creator/3.1/psoc creator/import/gnu_cs/arm/4.8.4/bin/../lib/gcc/arm-none-eabi/4.8.4/armv6-m/crtend.o
 *(.got.plt)
 *(.got)
 *(.shdata)
 *(.data .data.* .gnu.linkonce.d.*)
 .data          0x200000cc        0x4 .\CortexM0\ARM_GCC_484\Debug\BoxesBLE.a(cyfitter_cfg.o)
 .data          0x200000d0       0x10 .\CortexM0\ARM_GCC_484\Debug\BoxesBLE.a(CyLib.o)
                0x200000d0                cydelayFreqHz
                0x200000d4                cydelayFreqKhz
                0x200000d8                cydelayFreqMhz
                0x200000dc                cydelay32kMs
                0x200000e0                . = ALIGN (0x8)
 *(.ram)
                0x200000e0                _edata = .

.igot.plt       0x200000e0        0x0 load address 0x00000da8
 .igot.plt      0x00000000        0x0 c:/program files (x86)/cypress/psoc creator/3.1/psoc creator/import/gnu_cs/arm/4.8.4/bin/../lib/gcc/arm-none-eabi/4.8.4/armv6-m/crtbegin.o

.bss            0x200000e0       0x20 load address 0x00000da8
                0x200000e0                PROVIDE (__bss_start__, .)
 *(.shbss)
 *(.bss .bss.* .gnu.linkonce.b.*)
 .bss           0x200000e0       0x1c c:/program files (x86)/cypress/psoc creator/3.1/psoc creator/import/gnu_cs/arm/4.8.4/bin/../lib/gcc/arm-none-eabi/4.8.4/armv6-m/crtbegin.o
 .bss           0x200000fc        0x1 .\CortexM0\ARM_GCC_484\Debug\BoxesBLE.a(UART_1.o)
                0x200000fc                UART_1_initVar
 *(COMMON)
                0x20000100                . = ALIGN (0x8)
 *fill*         0x200000fd        0x3 
 *(.ram.b)
                0x20000100                _end = .
                0x20000100                __end = .
                0x20000100                PROVIDE (end, .)
                0x20000100                PROVIDE (__bss_end__, .)
                0x00000d90                __cy_region_init_ram = LOADADDR (.data)
                0x00000018                __cy_region_init_size_ram = (_edata - ADDR (.data))
                0x00000020                __cy_region_zero_size_ram = (_end - _edata)

.heap           0x20000100       0x80 load address 0x00000da8
                0x20000100                . = _end
                0x20000180                . = (. + 0x80)
 *fill*         0x20000100       0x80 
                0x20000180                __cy_heap_limit = .

.stack          0x20003800      0x800
                0x20003800                __cy_stack_limit = .
                0x20004000                . = (. + 0x800)
 *fill*         0x20003800      0x800 
                0x00000001                ASSERT ((__cy_stack_limit >= __cy_heap_limit), region RAM overflowed with stack)

.cyloadermeta
 *(.cyloadermeta)

.cyloadablemeta
 *(.cyloadablemeta)

.cyflashprotect
                0x90400000       0x80
 *(.cyflashprotect)
 .cyflashprotect
                0x90400000       0x80 .\CortexM0\ARM_GCC_484\Debug\cymetadata.o
                0x90400000                cy_meta_flashprotect

.cymeta         0x90500000        0xc
 *(.cymeta)
 .cymeta        0x90500000        0xc .\CortexM0\ARM_GCC_484\Debug\cymetadata.o
                0x90500000                cy_metadata

.cychipprotect  0x90600000        0x4
 *(.cychipprotect)
 .cychipprotect
                0x90600000        0x4 .\CortexM0\ARM_GCC_484\Debug\cymetadata.o
                0x90600000                cy_meta_chipprotect

.rel.dyn        0x00000da8        0x0 load address 0x90600004
 .rel.iplt      0x00000000        0x0 c:/program files (x86)/cypress/psoc creator/3.1/psoc creator/import/gnu_cs/arm/4.8.4/bin/../lib/gcc/arm-none-eabi/4.8.4/armv6-m/crtbegin.o

.stab
 *(.stab)

.stabstr
 *(.stabstr)

.debug
 *(.debug)

.line
 *(.line)

.debug_srcinfo
 *(.debug_srcinfo)

.debug_sfnames
 *(.debug_sfnames)

.debug_aranges  0x00000000      0x518
 *(.debug_aranges)
 .debug_aranges
                0x00000000       0x28 .\CortexM0\ARM_GCC_484\Debug\main.o
 .debug_aranges
                0x00000028       0x18 .\CortexM0\ARM_GCC_484\Debug\cymetadata.o
 .debug_aranges
                0x00000040       0x48 .\CortexM0\ARM_GCC_484\Debug\Cm0Start.o
 .debug_aranges
                0x00000088       0x58 .\CortexM0\ARM_GCC_484\Debug\BoxesBLE.a(cyfitter_cfg.o)
 .debug_aranges
                0x000000e0      0x100 .\CortexM0\ARM_GCC_484\Debug\BoxesBLE.a(UART_1.o)
 .debug_aranges
                0x000001e0       0x40 .\CortexM0\ARM_GCC_484\Debug\BoxesBLE.a(UART_1_IntClock.o)
 .debug_aranges
                0x00000220       0x20 .\CortexM0\ARM_GCC_484\Debug\BoxesBLE.a(CyBootAsmGnu.o)
 .debug_aranges
                0x00000240      0x298 .\CortexM0\ARM_GCC_484\Debug\BoxesBLE.a(CyLib.o)
 .debug_aranges
                0x000004d8       0x40 .\CortexM0\ARM_GCC_484\Debug\BoxesBLE.a(LED.o)

.debug_pubnames
 *(.debug_pubnames)

.debug_info     0x00000000     0x20a3
 *(.debug_info .gnu.linkonce.wi.*)
 .debug_info    0x00000000       0xf0 .\CortexM0\ARM_GCC_484\Debug\main.o
 .debug_info    0x000000f0       0xfd .\CortexM0\ARM_GCC_484\Debug\cymetadata.o
 .debug_info    0x000001ed      0x2ff .\CortexM0\ARM_GCC_484\Debug\Cm0Start.o
 .debug_info    0x000004ec      0x533 .\CortexM0\ARM_GCC_484\Debug\BoxesBLE.a(cyfitter_cfg.o)
 .debug_info    0x00000a1f      0x512 .\CortexM0\ARM_GCC_484\Debug\BoxesBLE.a(UART_1.o)
 .debug_info    0x00000f31      0x160 .\CortexM0\ARM_GCC_484\Debug\BoxesBLE.a(UART_1_IntClock.o)
 .debug_info    0x00001091       0x9b .\CortexM0\ARM_GCC_484\Debug\BoxesBLE.a(CyBootAsmGnu.o)
 .debug_info    0x0000112c      0xe2b .\CortexM0\ARM_GCC_484\Debug\BoxesBLE.a(CyLib.o)
 .debug_info    0x00001f57      0x14c .\CortexM0\ARM_GCC_484\Debug\BoxesBLE.a(LED.o)

.debug_abbrev   0x00000000      0x98b
 *(.debug_abbrev)
 .debug_abbrev  0x00000000       0x8e .\CortexM0\ARM_GCC_484\Debug\main.o
 .debug_abbrev  0x0000008e       0x5d .\CortexM0\ARM_GCC_484\Debug\cymetadata.o
 .debug_abbrev  0x000000eb      0x1b4 .\CortexM0\ARM_GCC_484\Debug\Cm0Start.o
 .debug_abbrev  0x0000029f      0x1ad .\CortexM0\ARM_GCC_484\Debug\BoxesBLE.a(cyfitter_cfg.o)
 .debug_abbrev  0x0000044c      0x188 .\CortexM0\ARM_GCC_484\Debug\BoxesBLE.a(UART_1.o)
 .debug_abbrev  0x000005d4       0xb5 .\CortexM0\ARM_GCC_484\Debug\BoxesBLE.a(UART_1_IntClock.o)
 .debug_abbrev  0x00000689       0x14 .\CortexM0\ARM_GCC_484\Debug\BoxesBLE.a(CyBootAsmGnu.o)
 .debug_abbrev  0x0000069d      0x237 .\CortexM0\ARM_GCC_484\Debug\BoxesBLE.a(CyLib.o)
 .debug_abbrev  0x000008d4       0xb7 .\CortexM0\ARM_GCC_484\Debug\BoxesBLE.a(LED.o)

.debug_line     0x00000000     0x1270
 *(.debug_line)
 .debug_line    0x00000000       0x84 .\CortexM0\ARM_GCC_484\Debug\main.o
 .debug_line    0x00000084       0x53 .\CortexM0\ARM_GCC_484\Debug\cymetadata.o
 .debug_line    0x000000d7      0x1bc .\CortexM0\ARM_GCC_484\Debug\Cm0Start.o
 .debug_line    0x00000293      0x1e4 .\CortexM0\ARM_GCC_484\Debug\BoxesBLE.a(cyfitter_cfg.o)
 .debug_line    0x00000477      0x309 .\CortexM0\ARM_GCC_484\Debug\BoxesBLE.a(UART_1.o)
 .debug_line    0x00000780       0xce .\CortexM0\ARM_GCC_484\Debug\BoxesBLE.a(UART_1_IntClock.o)
 .debug_line    0x0000084e       0x68 .\CortexM0\ARM_GCC_484\Debug\BoxesBLE.a(CyBootAsmGnu.o)
 .debug_line    0x000008b6      0x911 .\CortexM0\ARM_GCC_484\Debug\BoxesBLE.a(CyLib.o)
 .debug_line    0x000011c7       0xa9 .\CortexM0\ARM_GCC_484\Debug\BoxesBLE.a(LED.o)

.debug_frame    0x00000000     0x11ec
 *(.debug_frame)
 .debug_frame   0x00000000       0x58 .\CortexM0\ARM_GCC_484\Debug\main.o
 .debug_frame   0x00000058       0xc8 .\CortexM0\ARM_GCC_484\Debug\Cm0Start.o
 .debug_frame   0x00000120      0x108 .\CortexM0\ARM_GCC_484\Debug\BoxesBLE.a(cyfitter_cfg.o)
 .debug_frame   0x00000228      0x3ac .\CortexM0\ARM_GCC_484\Debug\BoxesBLE.a(UART_1.o)
 .debug_frame   0x000005d4       0xa4 .\CortexM0\ARM_GCC_484\Debug\BoxesBLE.a(UART_1_IntClock.o)
 .debug_frame   0x00000678      0x9d0 .\CortexM0\ARM_GCC_484\Debug\BoxesBLE.a(CyLib.o)
 .debug_frame   0x00001048       0xa8 .\CortexM0\ARM_GCC_484\Debug\BoxesBLE.a(LED.o)
 .debug_frame   0x000010f0       0x20 c:/program files (x86)/cypress/psoc creator/3.1/psoc creator/import/gnu_cs/arm/4.8.4/bin/../lib/gcc/arm-none-eabi/4.8.4/armv6-m\libgcc.a(_udivsi3.o)
 .debug_frame   0x00001110       0x20 c:/program files (x86)/cypress/psoc creator/3.1/psoc creator/import/gnu_cs/arm/4.8.4/bin/../lib/gcc/arm-none-eabi/4.8.4/armv6-m\libgcc.a(_divsi3.o)
 .debug_frame   0x00001130       0x20 c:/program files (x86)/cypress/psoc creator/3.1/psoc creator/import/gnu_cs/arm/4.8.4/bin/../lib/gcc/arm-none-eabi/4.8.4/../../../../arm-none-eabi/lib/armv6-m\libg_s.a(lib_a-errno.o)
 .debug_frame   0x00001150       0x28 c:/program files (x86)/cypress/psoc creator/3.1/psoc creator/import/gnu_cs/arm/4.8.4/bin/../lib/gcc/arm-none-eabi/4.8.4/../../../../arm-none-eabi/lib/armv6-m\libg_s.a(lib_a-exit.o)
 .debug_frame   0x00001178       0x2c c:/program files (x86)/cypress/psoc creator/3.1/psoc creator/import/gnu_cs/arm/4.8.4/bin/../lib/gcc/arm-none-eabi/4.8.4/../../../../arm-none-eabi/lib/armv6-m\libg_s.a(lib_a-init.o)
 .debug_frame   0x000011a4       0x28 c:/program files (x86)/cypress/psoc creator/3.1/psoc creator/import/gnu_cs/arm/4.8.4/bin/../lib/gcc/arm-none-eabi/4.8.4/../../../../arm-none-eabi/lib/armv6-m\libg_s.a(lib_a-memcpy-stub.o)
 .debug_frame   0x000011cc       0x20 c:/program files (x86)/cypress/psoc creator/3.1/psoc creator/import/gnu_cs/arm/4.8.4/bin/../lib/gcc/arm-none-eabi/4.8.4/../../../../arm-none-eabi/lib/armv6-m\libg_s.a(lib_a-memset.o)

.debug_str      0x00000000     0x11a7
 *(.debug_str)
 .debug_str     0x00000000      0x167 .\CortexM0\ARM_GCC_484\Debug\main.o
                                0x1a0 (size before relaxing)
 .debug_str     0x00000167       0x5b .\CortexM0\ARM_GCC_484\Debug\cymetadata.o
                                0x1c7 (size before relaxing)
 .debug_str     0x000001c2      0x135 .\CortexM0\ARM_GCC_484\Debug\Cm0Start.o
                                0x2b5 (size before relaxing)
 .debug_str     0x000002f7      0x1f3 .\CortexM0\ARM_GCC_484\Debug\BoxesBLE.a(cyfitter_cfg.o)
                                0x3a2 (size before relaxing)
 .debug_str     0x000004ea      0x2d3 .\CortexM0\ARM_GCC_484\Debug\BoxesBLE.a(UART_1.o)
                                0x467 (size before relaxing)
 .debug_str     0x000007bd      0x109 .\CortexM0\ARM_GCC_484\Debug\BoxesBLE.a(UART_1_IntClock.o)
                                0x280 (size before relaxing)
 .debug_str     0x000008c6      0x868 .\CortexM0\ARM_GCC_484\Debug\BoxesBLE.a(CyLib.o)
                                0xa14 (size before relaxing)
 .debug_str     0x0000112e       0x79 .\CortexM0\ARM_GCC_484\Debug\BoxesBLE.a(LED.o)
                                0x1f4 (size before relaxing)

.debug_loc
 *(.debug_loc)

.debug_macinfo
 *(.debug_macinfo)

.debug_ranges   0x00000000      0x470
 *(.debug_ranges)
 .debug_ranges  0x00000000       0x18 .\CortexM0\ARM_GCC_484\Debug\main.o
 .debug_ranges  0x00000018       0x38 .\CortexM0\ARM_GCC_484\Debug\Cm0Start.o
 .debug_ranges  0x00000050       0x48 .\CortexM0\ARM_GCC_484\Debug\BoxesBLE.a(cyfitter_cfg.o)
 .debug_ranges  0x00000098       0xf0 .\CortexM0\ARM_GCC_484\Debug\BoxesBLE.a(UART_1.o)
 .debug_ranges  0x00000188       0x30 .\CortexM0\ARM_GCC_484\Debug\BoxesBLE.a(UART_1_IntClock.o)
 .debug_ranges  0x000001b8      0x288 .\CortexM0\ARM_GCC_484\Debug\BoxesBLE.a(CyLib.o)
 .debug_ranges  0x00000440       0x30 .\CortexM0\ARM_GCC_484\Debug\BoxesBLE.a(LED.o)

.comment        0x00000000       0x70
 .comment       0x00000000       0x70 .\CortexM0\ARM_GCC_484\Debug\main.o
                                 0x71 (size before relaxing)
 .comment       0x00000000       0x71 .\CortexM0\ARM_GCC_484\Debug\cymetadata.o
 .comment       0x00000000       0x71 .\CortexM0\ARM_GCC_484\Debug\Cm0Start.o
 .comment       0x00000000       0x71 .\CortexM0\ARM_GCC_484\Debug\BoxesBLE.a(cyfitter_cfg.o)
 .comment       0x00000000       0x71 .\CortexM0\ARM_GCC_484\Debug\BoxesBLE.a(UART_1.o)
 .comment       0x00000000       0x71 .\CortexM0\ARM_GCC_484\Debug\BoxesBLE.a(UART_1_IntClock.o)
 .comment       0x00000000       0x71 .\CortexM0\ARM_GCC_484\Debug\BoxesBLE.a(CyLib.o)
 .comment       0x00000000       0x71 .\CortexM0\ARM_GCC_484\Debug\BoxesBLE.a(LED.o)

.debug_weaknames
 *(.debug_weaknames)

.debug_funcnames
 *(.debug_funcnames)

.debug_typenames
 *(.debug_typenames)

.debug_varnames
 *(.debug_varnames)

.note.gnu.arm.ident
 *(.note.gnu.arm.ident)

.ARM.attributes
                0x00000000       0x28
 *(.ARM.attributes)
 .ARM.attributes
                0x00000000       0x1e c:/program files (x86)/cypress/psoc creator/3.1/psoc creator/import/gnu_cs/arm/4.8.4/bin/../lib/gcc/arm-none-eabi/4.8.4/armv6-m/crti.o
 .ARM.attributes
                0x0000001e       0x2c c:/program files (x86)/cypress/psoc creator/3.1/psoc creator/import/gnu_cs/arm/4.8.4/bin/../lib/gcc/arm-none-eabi/4.8.4/armv6-m/crtbegin.o
 .ARM.attributes
                0x0000004a       0x1b c:/program files (x86)/cypress/psoc creator/3.1/psoc creator/import/gnu_cs/arm/4.8.4/bin/../lib/gcc/arm-none-eabi/4.8.4/../../../../arm-none-eabi/lib/armv6-m/crt0.o
 .ARM.attributes
                0x00000065       0x31 .\CortexM0\ARM_GCC_484\Debug\main.o
 .ARM.attributes
                0x00000096       0x31 .\CortexM0\ARM_GCC_484\Debug\cymetadata.o
 .ARM.attributes
                0x000000c7       0x31 .\CortexM0\ARM_GCC_484\Debug\Cm0Start.o
 .ARM.attributes
                0x000000f8       0x31 .\CortexM0\ARM_GCC_484\Debug\BoxesBLE.a(cyfitter_cfg.o)
 .ARM.attributes
                0x00000129       0x31 .\CortexM0\ARM_GCC_484\Debug\BoxesBLE.a(UART_1.o)
 .ARM.attributes
                0x0000015a       0x31 .\CortexM0\ARM_GCC_484\Debug\BoxesBLE.a(UART_1_IntClock.o)
 .ARM.attributes
                0x0000018b       0x21 .\CortexM0\ARM_GCC_484\Debug\BoxesBLE.a(CyBootAsmGnu.o)
 .ARM.attributes
                0x000001ac       0x31 .\CortexM0\ARM_GCC_484\Debug\BoxesBLE.a(CyLib.o)
 .ARM.attributes
                0x000001dd       0x31 .\CortexM0\ARM_GCC_484\Debug\BoxesBLE.a(LED.o)
 .ARM.attributes
                0x0000020e       0x1e c:/program files (x86)/cypress/psoc creator/3.1/psoc creator/import/gnu_cs/arm/4.8.4/bin/../lib/gcc/arm-none-eabi/4.8.4/armv6-m\libgcc.a(_udivsi3.o)
 .ARM.attributes
                0x0000022c       0x1e c:/program files (x86)/cypress/psoc creator/3.1/psoc creator/import/gnu_cs/arm/4.8.4/bin/../lib/gcc/arm-none-eabi/4.8.4/armv6-m\libgcc.a(_divsi3.o)
 .ARM.attributes
                0x0000024a       0x1e c:/program files (x86)/cypress/psoc creator/3.1/psoc creator/import/gnu_cs/arm/4.8.4/bin/../lib/gcc/arm-none-eabi/4.8.4/armv6-m\libgcc.a(_dvmd_tls.o)
 .ARM.attributes
                0x00000268       0x2c c:/program files (x86)/cypress/psoc creator/3.1/psoc creator/import/gnu_cs/arm/4.8.4/bin/../lib/gcc/arm-none-eabi/4.8.4/../../../../arm-none-eabi/lib/armv6-m\libg_s.a(lib_a-errno.o)
 .ARM.attributes
                0x00000294       0x2c c:/program files (x86)/cypress/psoc creator/3.1/psoc creator/import/gnu_cs/arm/4.8.4/bin/../lib/gcc/arm-none-eabi/4.8.4/../../../../arm-none-eabi/lib/armv6-m\libg_s.a(lib_a-exit.o)
 .ARM.attributes
                0x000002c0       0x2c c:/program files (x86)/cypress/psoc creator/3.1/psoc creator/import/gnu_cs/arm/4.8.4/bin/../lib/gcc/arm-none-eabi/4.8.4/../../../../arm-none-eabi/lib/armv6-m\libg_s.a(lib_a-impure.o)
 .ARM.attributes
                0x000002ec       0x2c c:/program files (x86)/cypress/psoc creator/3.1/psoc creator/import/gnu_cs/arm/4.8.4/bin/../lib/gcc/arm-none-eabi/4.8.4/../../../../arm-none-eabi/lib/armv6-m\libg_s.a(lib_a-init.o)
 .ARM.attributes
                0x00000318       0x2c c:/program files (x86)/cypress/psoc creator/3.1/psoc creator/import/gnu_cs/arm/4.8.4/bin/../lib/gcc/arm-none-eabi/4.8.4/../../../../arm-none-eabi/lib/armv6-m\libg_s.a(lib_a-memcpy-stub.o)
 .ARM.attributes
                0x00000344       0x2c c:/program files (x86)/cypress/psoc creator/3.1/psoc creator/import/gnu_cs/arm/4.8.4/bin/../lib/gcc/arm-none-eabi/4.8.4/../../../../arm-none-eabi/lib/armv6-m\libg_s.a(lib_a-memset.o)
 .ARM.attributes
                0x00000370       0x2c c:/program files (x86)/cypress/psoc creator/3.1/psoc creator/import/gnu_cs/arm/4.8.4/bin/../lib/gcc/arm-none-eabi/4.8.4/armv6-m/crtend.o
 .ARM.attributes
                0x0000039c       0x1e c:/program files (x86)/cypress/psoc creator/3.1/psoc creator/import/gnu_cs/arm/4.8.4/bin/../lib/gcc/arm-none-eabi/4.8.4/armv6-m/crtn.o

/DISCARD/
 *(.note.GNU-stack)
OUTPUT(.\CortexM0\ARM_GCC_484\Debug\BoxesBLE.elf elf32-littlearm)
